Archive member included to satisfy reference by file (symbol)

d:/st/stm32cubeide_1.7.0/stm32cubeide/plugins/com.st.stm32cube.ide.mcu.externaltools.gnu-tools-for-stm32.9-2020-q2-update.win32_2.0.0.202105311346/tools/bin/../lib/gcc/arm-none-eabi/9.3.1/../../../../arm-none-eabi/lib/thumb/v7e-m+fp/hard\libc_nano.a(lib_a-errno.o)
                              ./Core/Src/syscalls.o (__errno)
d:/st/stm32cubeide_1.7.0/stm32cubeide/plugins/com.st.stm32cube.ide.mcu.externaltools.gnu-tools-for-stm32.9-2020-q2-update.win32_2.0.0.202105311346/tools/bin/../lib/gcc/arm-none-eabi/9.3.1/../../../../arm-none-eabi/lib/thumb/v7e-m+fp/hard\libc_nano.a(lib_a-exit.o)
                              d:/st/stm32cubeide_1.7.0/stm32cubeide/plugins/com.st.stm32cube.ide.mcu.externaltools.gnu-tools-for-stm32.9-2020-q2-update.win32_2.0.0.202105311346/tools/bin/../lib/gcc/arm-none-eabi/9.3.1/../../../../arm-none-eabi/lib/thumb/v7e-m+fp/hard/crt0.o (exit)
d:/st/stm32cubeide_1.7.0/stm32cubeide/plugins/com.st.stm32cube.ide.mcu.externaltools.gnu-tools-for-stm32.9-2020-q2-update.win32_2.0.0.202105311346/tools/bin/../lib/gcc/arm-none-eabi/9.3.1/../../../../arm-none-eabi/lib/thumb/v7e-m+fp/hard\libc_nano.a(lib_a-impure.o)
                              d:/st/stm32cubeide_1.7.0/stm32cubeide/plugins/com.st.stm32cube.ide.mcu.externaltools.gnu-tools-for-stm32.9-2020-q2-update.win32_2.0.0.202105311346/tools/bin/../lib/gcc/arm-none-eabi/9.3.1/../../../../arm-none-eabi/lib/thumb/v7e-m+fp/hard\libc_nano.a(lib_a-exit.o) (_global_impure_ptr)
d:/st/stm32cubeide_1.7.0/stm32cubeide/plugins/com.st.stm32cube.ide.mcu.externaltools.gnu-tools-for-stm32.9-2020-q2-update.win32_2.0.0.202105311346/tools/bin/../lib/gcc/arm-none-eabi/9.3.1/../../../../arm-none-eabi/lib/thumb/v7e-m+fp/hard\libc_nano.a(lib_a-init.o)
                              d:/st/stm32cubeide_1.7.0/stm32cubeide/plugins/com.st.stm32cube.ide.mcu.externaltools.gnu-tools-for-stm32.9-2020-q2-update.win32_2.0.0.202105311346/tools/bin/../lib/gcc/arm-none-eabi/9.3.1/../../../../arm-none-eabi/lib/thumb/v7e-m+fp/hard/crt0.o (__libc_init_array)
d:/st/stm32cubeide_1.7.0/stm32cubeide/plugins/com.st.stm32cube.ide.mcu.externaltools.gnu-tools-for-stm32.9-2020-q2-update.win32_2.0.0.202105311346/tools/bin/../lib/gcc/arm-none-eabi/9.3.1/../../../../arm-none-eabi/lib/thumb/v7e-m+fp/hard\libc_nano.a(lib_a-malloc.o)
                              ./Middlewares/ST/STM32_USB_Host_Library/Class/MSC/Src/usbh_msc.o (malloc)
d:/st/stm32cubeide_1.7.0/stm32cubeide/plugins/com.st.stm32cube.ide.mcu.externaltools.gnu-tools-for-stm32.9-2020-q2-update.win32_2.0.0.202105311346/tools/bin/../lib/gcc/arm-none-eabi/9.3.1/../../../../arm-none-eabi/lib/thumb/v7e-m+fp/hard\libc_nano.a(lib_a-memcpy-stub.o)
                              ./Core/Src/audio_player.o (memcpy)
d:/st/stm32cubeide_1.7.0/stm32cubeide/plugins/com.st.stm32cube.ide.mcu.externaltools.gnu-tools-for-stm32.9-2020-q2-update.win32_2.0.0.202105311346/tools/bin/../lib/gcc/arm-none-eabi/9.3.1/../../../../arm-none-eabi/lib/thumb/v7e-m+fp/hard\libc_nano.a(lib_a-memset.o)
                              d:/st/stm32cubeide_1.7.0/stm32cubeide/plugins/com.st.stm32cube.ide.mcu.externaltools.gnu-tools-for-stm32.9-2020-q2-update.win32_2.0.0.202105311346/tools/bin/../lib/gcc/arm-none-eabi/9.3.1/../../../../arm-none-eabi/lib/thumb/v7e-m+fp/hard/crt0.o (memset)
d:/st/stm32cubeide_1.7.0/stm32cubeide/plugins/com.st.stm32cube.ide.mcu.externaltools.gnu-tools-for-stm32.9-2020-q2-update.win32_2.0.0.202105311346/tools/bin/../lib/gcc/arm-none-eabi/9.3.1/../../../../arm-none-eabi/lib/thumb/v7e-m+fp/hard\libc_nano.a(lib_a-nano-freer.o)
                              d:/st/stm32cubeide_1.7.0/stm32cubeide/plugins/com.st.stm32cube.ide.mcu.externaltools.gnu-tools-for-stm32.9-2020-q2-update.win32_2.0.0.202105311346/tools/bin/../lib/gcc/arm-none-eabi/9.3.1/../../../../arm-none-eabi/lib/thumb/v7e-m+fp/hard\libc_nano.a(lib_a-malloc.o) (_free_r)
d:/st/stm32cubeide_1.7.0/stm32cubeide/plugins/com.st.stm32cube.ide.mcu.externaltools.gnu-tools-for-stm32.9-2020-q2-update.win32_2.0.0.202105311346/tools/bin/../lib/gcc/arm-none-eabi/9.3.1/../../../../arm-none-eabi/lib/thumb/v7e-m+fp/hard\libc_nano.a(lib_a-nano-mallocr.o)
                              d:/st/stm32cubeide_1.7.0/stm32cubeide/plugins/com.st.stm32cube.ide.mcu.externaltools.gnu-tools-for-stm32.9-2020-q2-update.win32_2.0.0.202105311346/tools/bin/../lib/gcc/arm-none-eabi/9.3.1/../../../../arm-none-eabi/lib/thumb/v7e-m+fp/hard\libc_nano.a(lib_a-malloc.o) (_malloc_r)
d:/st/stm32cubeide_1.7.0/stm32cubeide/plugins/com.st.stm32cube.ide.mcu.externaltools.gnu-tools-for-stm32.9-2020-q2-update.win32_2.0.0.202105311346/tools/bin/../lib/gcc/arm-none-eabi/9.3.1/../../../../arm-none-eabi/lib/thumb/v7e-m+fp/hard\libc_nano.a(lib_a-printf.o)
                              ./Core/Src/main.o (printf)
[...]
Memory Configuration

Name             Origin             Length             Attributes
CCMRAM           0x0000000010000000 0x0000000000010000 xrw
RAM              0x0000000020000000 0x0000000000020000 xrw
FLASH            0x0000000008000000 0x0000000000100000 xr
*default*        0x0000000000000000 0xffffffffffffffff

Linker script and memory map

LOAD d:/st/stm32cubeide_1.7.0/stm32cubeide/plugins/com.st.stm32cube.ide.mcu.externaltools.gnu-tools-for-stm32.9-2020-q2-update.win32_2.0.0.202105311346/tools/bin/../lib/gcc/arm-none-eabi/9.3.1/thumb/v7e-m+fp/hard/crti.o
LOAD d:/st/stm32cubeide_1.7.0/stm32cubeide/plugins/com.st.stm32cube.ide.mcu.externaltools.gnu-tools-for-stm32.9-2020-q2-update.win32_2.0.0.202105311346/tools/bin/../lib/gcc/arm-none-eabi/9.3.1/thumb/v7e-m+fp/hard/crtbegin.o
LOAD d:/st/stm32cubeide_1.7.0/stm32cubeide/plugins/com.st.stm32cube.ide.mcu.externaltools.gnu-tools-for-stm32.9-2020-q2-update.win32_2.0.0.202105311346/tools/bin/../lib/gcc/arm-none-eabi/9.3.1/../../../../arm-none-eabi/lib/thumb/v7e-m+fp/hard/crt0.o
LOAD ./Core/Src/audio_player.o
LOAD ./Core/Src/main.o
LOAD ./Core/Src/stm32f4xx_hal_msp.o
LOAD ./Core/Src/stm32f4xx_it.o
LOAD ./Core/Src/syscalls.o
LOAD ./Core/Src/sysmem.o
LOAD ./Core/Src/system_stm32f4xx.o
LOAD ./Core/Startup/startup_stm32f407zgtx.o
LOAD ./Drivers/STM32F4xx_HAL_Driver/Src/stm32f4xx_hal.o
LOAD ./Drivers/STM32F4xx_HAL_Driver/Src/stm32f4xx_hal_cortex.o
LOAD ./Drivers/STM32F4xx_HAL_Driver/Src/stm32f4xx_hal_dma.o
LOAD ./Drivers/STM32F4xx_HAL_Driver/Src/stm32f4xx_hal_dma_ex.o
LOAD ./Drivers/STM32F4xx_HAL_Driver/Src/stm32f4xx_hal_exti.o
LOAD ./Drivers/STM32F4xx_HAL_Driver/Src/stm32f4xx_hal_flash.o
LOAD ./Drivers/STM32F4xx_HAL_Driver/Src/stm32f4xx_hal_flash_ex.o
LOAD ./Drivers/STM32F4xx_HAL_Driver/Src/stm32f4xx_hal_flash_ramfunc.o
LOAD ./Drivers/STM32F4xx_HAL_Driver/Src/stm32f4xx_hal_gpio.o
LOAD ./Drivers/STM32F4xx_HAL_Driver/Src/stm32f4xx_hal_hcd.o
LOAD ./Drivers/STM32F4xx_HAL_Driver/Src/stm32f4xx_hal_i2c.o
LOAD ./Drivers/STM32F4xx_HAL_Driver/Src/stm32f4xx_hal_i2c_ex.o
LOAD ./Drivers/STM32F4xx_HAL_Driver/Src/stm32f4xx_hal_i2s.o
LOAD ./Drivers/STM32F4xx_HAL_Driver/Src/stm32f4xx_hal_i2s_ex.o
LOAD ./Drivers/STM32F4xx_HAL_Driver/Src/stm32f4xx_hal_pwr.o
LOAD ./Drivers/STM32F4xx_HAL_Driver/Src/stm32f4xx_hal_pwr_ex.o
LOAD ./Drivers/STM32F4xx_HAL_Driver/Src/stm32f4xx_hal_rcc.o
LOAD ./Drivers/STM32F4xx_HAL_Driver/Src/stm32f4xx_hal_rcc_ex.o
LOAD ./Drivers/STM32F4xx_HAL_Driver/Src/stm32f4xx_hal_tim.o
LOAD ./Drivers/STM32F4xx_HAL_Driver/Src/stm32f4xx_hal_tim_ex.o
LOAD ./Drivers/STM32F4xx_HAL_Driver/Src/stm32f4xx_hal_uart.o
LOAD ./Drivers/STM32F4xx_HAL_Driver/Src/stm32f4xx_ll_usb.o
LOAD ./FATFS/App/fatfs.o
LOAD ./FATFS/Target/usbh_diskio.o
LOAD ./Middlewares/ST/STM32_USB_Host_Library/Class/MSC/Src/usbh_msc.o
LOAD ./Middlewares/ST/STM32_USB_Host_Library/Class/MSC/Src/usbh_msc_bot.o
LOAD ./Middlewares/ST/STM32_USB_Host_Library/Class/MSC/Src/usbh_msc_scsi.o
LOAD ./Middlewares/ST/STM32_USB_Host_Library/Core/Src/usbh_core.o
LOAD ./Middlewares/ST/STM32_USB_Host_Library/Core/Src/usbh_ctlreq.o
LOAD ./Middlewares/ST/STM32_USB_Host_Library/Core/Src/usbh_ioreq.o
LOAD ./Middlewares/ST/STM32_USB_Host_Library/Core/Src/usbh_pipes.o
LOAD ./Middlewares/Third_Party/FatFs/src/diskio.o
LOAD ./Middlewares/Third_Party/FatFs/src/ff.o
LOAD ./Middlewares/Third_Party/FatFs/src/ff_gen_drv.o
LOAD ./Middlewares/Third_Party/FatFs/src/option/syscall.o
LOAD ./USB_HOST/App/usb_host.o
LOAD ./USB_HOST/Target/usbh_conf.o
START GROUP
LOAD d:/st/stm32cubeide_1.7.0/stm32cubeide/plugins/com.st.stm32cube.ide.mcu.externaltools.gnu-tools-for-stm32.9-2020-q2-update.win32_2.0.0.202105311346/tools/bin/../lib/gcc/arm-none-eabi/9.3.1/../../../../arm-none-eabi/lib/thumb/v7e-m+fp/hard\libc_nano.a
LOAD d:/st/stm32cubeide_1.7.0/stm32cubeide/plugins/com.st.stm32cube.ide.mcu.externaltools.gnu-tools-for-stm32.9-2020-q2-update.win32_2.0.0.202105311346/tools/bin/../lib/gcc/arm-none-eabi/9.3.1/../../../../arm-none-eabi/lib/thumb/v7e-m+fp/hard\libm.a
END GROUP
START GROUP
LOAD d:/st/stm32cubeide_1.7.0/stm32cubeide/plugins/com.st.stm32cube.ide.mcu.externaltools.gnu-tools-for-stm32.9-2020-q2-update.win32_2.0.0.202105311346/tools/bin/../lib/gcc/arm-none-eabi/9.3.1/thumb/v7e-m+fp/hard\libgcc.a
LOAD d:/st/stm32cubeide_1.7.0/stm32cubeide/plugins/com.st.stm32cube.ide.mcu.externaltools.gnu-tools-for-stm32.9-2020-q2-update.win32_2.0.0.202105311346/tools/bin/../lib/gcc/arm-none-eabi/9.3.1/../../../../arm-none-eabi/lib/thumb/v7e-m+fp/hard\libc_nano.a
END GROUP
START GROUP
LOAD d:/st/stm32cubeide_1.7.0/stm32cubeide/plugins/com.st.stm32cube.ide.mcu.externaltools.gnu-tools-for-stm32.9-2020-q2-update.win32_2.0.0.202105311346/tools/bin/../lib/gcc/arm-none-eabi/9.3.1/thumb/v7e-m+fp/hard\libgcc.a
LOAD d:/st/stm32cubeide_1.7.0/stm32cubeide/plugins/com.st.stm32cube.ide.mcu.externaltools.gnu-tools-for-stm32.9-2020-q2-update.win32_2.0.0.202105311346/tools/bin/../lib/gcc/arm-none-eabi/9.3.1/../../../../arm-none-eabi/lib/thumb/v7e-m+fp/hard\libc_nano.a
LOAD d:/st/stm32cubeide_1.7.0/stm32cubeide/plugins/com.st.stm32cube.ide.mcu.externaltools.gnu-tools-for-stm32.9-2020-q2-update.win32_2.0.0.202105311346/tools/bin/../lib/gcc/arm-none-eabi/9.3.1/../../../../arm-none-eabi/lib/thumb/v7e-m+fp/hard\libnosys.a
END GROUP
START GROUP
LOAD d:/st/stm32cubeide_1.7.0/stm32cubeide/plugins/com.st.stm32cube.ide.mcu.externaltools.gnu-tools-for-stm32.9-2020-q2-update.win32_2.0.0.202105311346/tools/bin/../lib/gcc/arm-none-eabi/9.3.1/thumb/v7e-m+fp/hard\libgcc.a
LOAD d:/st/stm32cubeide_1.7.0/stm32cubeide/plugins/com.st.stm32cube.ide.mcu.externaltools.gnu-tools-for-stm32.9-2020-q2-update.win32_2.0.0.202105311346/tools/bin/../lib/gcc/arm-none-eabi/9.3.1/../../../../arm-none-eabi/lib/thumb/v7e-m+fp/hard\libc_nano.a
LOAD d:/st/stm32cubeide_1.7.0/stm32cubeide/plugins/com.st.stm32cube.ide.mcu.externaltools.gnu-tools-for-stm32.9-2020-q2-update.win32_2.0.0.202105311346/tools/bin/../lib/gcc/arm-none-eabi/9.3.1/../../../../arm-none-eabi/lib/thumb/v7e-m+fp/hard\libnosys.a
END GROUP
LOAD d:/st/stm32cubeide_1.7.0/stm32cubeide/plugins/com.st.stm32cube.ide.mcu.externaltools.gnu-tools-for-stm32.9-2020-q2-update.win32_2.0.0.202105311346/tools/bin/../lib/gcc/arm-none-eabi/9.3.1/thumb/v7e-m+fp/hard/crtend.o
LOAD d:/st/stm32cubeide_1.7.0/stm32cubeide/plugins/com.st.stm32cube.ide.mcu.externaltools.gnu-tools-for-stm32.9-2020-q2-update.win32_2.0.0.202105311346/tools/bin/../lib/gcc/arm-none-eabi/9.3.1/thumb/v7e-m+fp/hard/crtn.o
                0x0000000020020000                _estack = (ORIGIN (RAM) + LENGTH (RAM))
                0x0000000000000200                _Min_Heap_Size = 0x200
                0x0000000000000400                _Min_Stack_Size = 0x400

.isr_vector     0x0000000008000000      0x188
                0x0000000008000000                . = ALIGN (0x4)
 *(.isr_vector)
 .isr_vector    0x0000000008000000      0x188 ./Core/Startup/startup_stm32f407zgtx.o
                0x0000000008000000                g_pfnVectors
                0x0000000008000188                . = ALIGN (0x4)

.text           0x0000000008000190     0xf1a0
                0x0000000008000190                . = ALIGN (0x4)
 *(.text)
 .text          0x0000000008000190       0x40 d:/st/stm32cubeide_1.7.0/stm32cubeide/plugins/com.st.stm32cube.ide.mcu.externaltools.gnu-tools-for-stm32.9-2020-q2-update.win32_2.0.0.202105311346/tools/bin/../lib/gcc/arm-none-eabi/9.3.1/thumb/v7e-m+fp/hard/crtbegin.o
 .text          0x00000000080001d0       0xa0 d:/st/stm32cubeide_1.7.0/stm32cubeide/plugins/com.st.stm32cube.ide.mcu.externaltools.gnu-tools-for-stm32.9-2020-q2-update.win32_2.0.0.202105311346/tools/bin/../lib/gcc/arm-none-eabi/9.3.1/../../../../arm-none-eabi/lib/thumb/v7e-m+fp/hard\libc_nano.a(lib_a-memchr.o)
                0x00000000080001d0                memchr
 .text          0x0000000008000270       0x30 d:/st/stm32cubeide_1.7.0/stm32cubeide/plugins/com.st.stm32cube.ide.mcu.externaltools.gnu-tools-for-stm32.9-2020-q2-update.win32_2.0.0.202105311346/tools/bin/../lib/gcc/arm-none-eabi/9.3.1/thumb/v7e-m+fp/hard\libgcc.a(_aeabi_uldivmod.o)
                0x0000000008000270                __aeabi_uldivmod
 .text          0x00000000080002a0      0x2c4 d:/st/stm32cubeide_1.7.0/stm32cubeide/plugins/com.st.stm32cube.ide.mcu.externaltools.gnu-tools-for-stm32.9-2020-q2-update.win32_2.0.0.202105311346/tools/bin/../lib/gcc/arm-none-eabi/9.3.1/thumb/v7e-m+fp/hard\libgcc.a(_udivmoddi4.o)
                0x00000000080002a0                __udivmoddi4
 .text          0x0000000008000564        0x4 d:/st/stm32cubeide_1.7.0/stm32cubeide/plugins/com.st.stm32cube.ide.mcu.externaltools.gnu-tools-for-stm32.9-2020-q2-update.win32_2.0.0.202105311346/tools/bin/../lib/gcc/arm-none-eabi/9.3.1/thumb/v7e-m+fp/hard\libgcc.a(_dvmd_tls.o)
                0x0000000008000564                __aeabi_idiv0
                0x0000000008000564                __aeabi_ldiv0
 *(.text*)
 .text.WM8978_Register_Wirter
                0x0000000008000568       0x64 ./Core/Src/audio_player.o
                0x0000000008000568                WM8978_Register_Wirter
 .text.WAV_FileInit
                0x00000000080005cc       0x2c ./Core/Src/audio_player.o
                0x00000000080005cc                WAV_FileInit
 .text.WAV_FileRead
                0x00000000080005f8       0x6c ./Core/Src/audio_player.o
                0x00000000080005f8                WAV_FileRead
 .text.HAL_I2S_Transmit_DMAEx
                0x0000000008000664      0x174 ./Core/Src/audio_player.o
                0x0000000008000664                HAL_I2S_Transmit_DMAEx
 .text.DMAEx_XferCpltCallback
                0x00000000080007d8       0x28 ./Core/Src/audio_player.o
 .text.DMAEx_XferM1CpltCallback
                0x0000000008000800       0x28 ./Core/Src/audio_player.o
 .text.DMAEx_XferErrorCallback
                0x0000000008000828       0x14 ./Core/Src/audio_player.o
 .text.Audio_Player_Init
                0x000000000800083c       0x52 ./Core/Src/audio_player.o
                0x000000000800083c                Audio_Player_Init
 *fill*         0x000000000800088e        0x2 
 .text.Audio_Player_Start
                0x0000000008000890       0x38 ./Core/Src/audio_player.o
                0x0000000008000890                Audio_Player_Start
 .text.Audio_Player_Stop
                0x00000000080008c8       0x18 ./Core/Src/audio_player.o
                0x00000000080008c8                Audio_Player_Stop
 .text.__io_putchar
                0x00000000080008e0       0x24 ./Core/Src/main.o
                0x00000000080008e0                __io_putchar
 .text.main     0x0000000008000904       0xb0 ./Core/Src/main.o
                0x0000000008000904                main
 .text.SystemClock_Config
                0x00000000080009b4       0xd4 ./Core/Src/main.o
                0x00000000080009b4                SystemClock_Config
 .text.PeriphCommonClock_Config
                0x0000000008000a88       0x38 ./Core/Src/main.o
                0x0000000008000a88                PeriphCommonClock_Config
 .text.MX_I2C1_Init
                0x0000000008000ac0       0x5c ./Core/Src/main.o
 .text.MX_I2C2_Init
                0x0000000008000b1c       0x5c ./Core/Src/main.o
 .text.MX_I2S2_Init
                0x0000000008000b78       0x5c ./Core/Src/main.o
 .text.MX_I2S3_Init
                0x0000000008000bd4       0x5c ./Core/Src/main.o
 .text.MX_UART5_Init
                0x0000000008000c30       0x54 ./Core/Src/main.o
 .text.MX_DMA_Init
                0x0000000008000c84       0x50 ./Core/Src/main.o
 .text.MX_GPIO_Init
                0x0000000008000cd4       0xc0 ./Core/Src/main.o
 .text.Error_Handler
                0x0000000008000d94        0xa ./Core/Src/main.o
                0x0000000008000d94                Error_Handler
 *fill*         0x0000000008000d9e        0x2 
 .text.HAL_MspInit
                0x0000000008000da0       0x50 ./Core/Src/stm32f4xx_hal_msp.o
                0x0000000008000da0                HAL_MspInit
 .text.HAL_I2C_MspInit
                0x0000000008000df0       0xfc ./Core/Src/stm32f4xx_hal_msp.o
                0x0000000008000df0                HAL_I2C_MspInit
 .text.HAL_I2S_MspInit
                0x0000000008000eec      0x308 ./Core/Src/stm32f4xx_hal_msp.o
                0x0000000008000eec                HAL_I2S_MspInit
 .text.HAL_UART_MspInit
                0x00000000080011f4       0xd0 ./Core/Src/stm32f4xx_hal_msp.o
                0x00000000080011f4                HAL_UART_MspInit
 .text.NMI_Handler
                0x00000000080012c4        0x6 ./Core/Src/stm32f4xx_it.o
                0x00000000080012c4                NMI_Handler
 .text.HardFault_Handler
                0x00000000080012ca        0x6 ./Core/Src/stm32f4xx_it.o
                0x00000000080012ca                HardFault_Handler
 .text.MemManage_Handler
                0x00000000080012d0        0x6 ./Core/Src/stm32f4xx_it.o
                0x00000000080012d0                MemManage_Handler
 .text.BusFault_Handler
                0x00000000080012d6        0x6 ./Core/Src/stm32f4xx_it.o
                0x00000000080012d6                BusFault_Handler
 .text.UsageFault_Handler
                0x00000000080012dc        0x6 ./Core/Src/stm32f4xx_it.o
                0x00000000080012dc                UsageFault_Handler
 .text.SVC_Handler
                0x00000000080012e2        0xe ./Core/Src/stm32f4xx_it.o
                0x00000000080012e2                SVC_Handler
 .text.DebugMon_Handler
                0x00000000080012f0        0xe ./Core/Src/stm32f4xx_it.o
                0x00000000080012f0                DebugMon_Handler
 .text.PendSV_Handler
                0x00000000080012fe        0xe ./Core/Src/stm32f4xx_it.o
                0x00000000080012fe                PendSV_Handler
 .text.SysTick_Handler
                0x000000000800130c        0xc ./Core/Src/stm32f4xx_it.o
                0x000000000800130c                SysTick_Handler
 .text.DMA1_Stream4_IRQHandler
                0x0000000008001318       0x14 ./Core/Src/stm32f4xx_it.o
                0x0000000008001318                DMA1_Stream4_IRQHandler
 .text.DMA1_Stream5_IRQHandler
                0x000000000800132c       0x14 ./Core/Src/stm32f4xx_it.o
                0x000000000800132c                DMA1_Stream5_IRQHandler
 .text.SPI3_IRQHandler
                0x0000000008001340       0x14 ./Core/Src/stm32f4xx_it.o
                0x0000000008001340                SPI3_IRQHandler
 .text.OTG_FS_IRQHandler
                0x0000000008001354       0x14 ./Core/Src/stm32f4xx_it.o
                0x0000000008001354                OTG_FS_IRQHandler
 .text._read    0x0000000008001368       0x3a ./Core/Src/syscalls.o
                0x0000000008001368                _read
 .text._write   0x00000000080013a2       0x38 ./Core/Src/syscalls.o
                0x00000000080013a2                _write
 .text._close   0x00000000080013da       0x18 ./Core/Src/syscalls.o
                0x00000000080013da                _close
 .text._fstat   0x00000000080013f2       0x20 ./Core/Src/syscalls.o
                0x00000000080013f2                _fstat
 .text._isatty  0x0000000008001412       0x16 ./Core/Src/syscalls.o
                0x0000000008001412                _isatty
 .text._lseek   0x0000000008001428       0x1a ./Core/Src/syscalls.o
                0x0000000008001428                _lseek
 *fill*         0x0000000008001442        0x2 
 .text._sbrk    0x0000000008001444       0x6c ./Core/Src/sysmem.o
                0x0000000008001444                _sbrk
 .text.SystemInit
                0x00000000080014b0       0x24 ./Core/Src/system_stm32f4xx.o
                0x00000000080014b0                SystemInit
 .text.Reset_Handler
                0x00000000080014d4       0x50 ./Core/Startup/startup_stm32f407zgtx.o
                0x00000000080014d4                Reset_Handler
 .text.Default_Handler
                0x0000000008001524        0x2 ./Core/Startup/startup_stm32f407zgtx.o
                0x0000000008001524                RTC_Alarm_IRQHandler
                0x0000000008001524                HASH_RNG_IRQHandler
                0x0000000008001524                EXTI2_IRQHandler
                0x0000000008001524                TIM8_CC_IRQHandler
                0x0000000008001524                TIM1_CC_IRQHandler
                0x0000000008001524                DMA2_Stream5_IRQHandler
                0x0000000008001524                PVD_IRQHandler
                0x0000000008001524                SDIO_IRQHandler
                0x0000000008001524                TAMP_STAMP_IRQHandler
                0x0000000008001524                CAN2_RX1_IRQHandler
                0x0000000008001524                EXTI3_IRQHandler
                0x0000000008001524                TIM8_TRG_COM_TIM14_IRQHandler
                0x0000000008001524                TIM1_UP_TIM10_IRQHandler
                0x0000000008001524                TIM8_UP_TIM13_IRQHandler
                0x0000000008001524                I2C3_ER_IRQHandler
                0x0000000008001524                EXTI0_IRQHandler
                0x0000000008001524                I2C2_EV_IRQHandler
                0x0000000008001524                DMA1_Stream2_IRQHandler
                0x0000000008001524                CAN1_RX0_IRQHandler
                0x0000000008001524                FPU_IRQHandler
                0x0000000008001524                OTG_HS_WKUP_IRQHandler
                0x0000000008001524                CAN2_SCE_IRQHandler
                0x0000000008001524                DMA2_Stream2_IRQHandler
                0x0000000008001524                SPI1_IRQHandler
                0x0000000008001524                TIM6_DAC_IRQHandler
                0x0000000008001524                TIM1_BRK_TIM9_IRQHandler
                0x0000000008001524                DCMI_IRQHandler
                0x0000000008001524                CAN2_RX0_IRQHandler
                0x0000000008001524                DMA2_Stream3_IRQHandler
                0x0000000008001524                USART6_IRQHandler
                0x0000000008001524                USART3_IRQHandler
                0x0000000008001524                CAN1_RX1_IRQHandler
                0x0000000008001524                UART5_IRQHandler
                0x0000000008001524                DMA2_Stream0_IRQHandler
                0x0000000008001524                TIM4_IRQHandler
                0x0000000008001524                I2C1_EV_IRQHandler
                0x0000000008001524                DMA1_Stream6_IRQHandler
                0x0000000008001524                DMA1_Stream1_IRQHandler
                0x0000000008001524                UART4_IRQHandler
                0x0000000008001524                TIM3_IRQHandler
                0x0000000008001524                RCC_IRQHandler
                0x0000000008001524                TIM8_BRK_TIM12_IRQHandler
                0x0000000008001524                Default_Handler
                0x0000000008001524                EXTI15_10_IRQHandler
                0x0000000008001524                ADC_IRQHandler
                0x0000000008001524                DMA1_Stream7_IRQHandler
                0x0000000008001524                TIM7_IRQHandler
                0x0000000008001524                CAN2_TX_IRQHandler
                0x0000000008001524                TIM5_IRQHandler
                0x0000000008001524                DMA2_Stream7_IRQHandler
                0x0000000008001524                I2C3_EV_IRQHandler
                0x0000000008001524                EXTI9_5_IRQHandler
                0x0000000008001524                RTC_WKUP_IRQHandler
                0x0000000008001524                ETH_WKUP_IRQHandler
                0x0000000008001524                SPI2_IRQHandler
                0x0000000008001524                OTG_HS_EP1_IN_IRQHandler
                0x0000000008001524                DMA1_Stream0_IRQHandler
                0x0000000008001524                CAN1_TX_IRQHandler
                0x0000000008001524                EXTI4_IRQHandler
                0x0000000008001524                FSMC_IRQHandler
                0x0000000008001524                ETH_IRQHandler
                0x0000000008001524                OTG_HS_EP1_OUT_IRQHandler
                0x0000000008001524                WWDG_IRQHandler
                0x0000000008001524                TIM2_IRQHandler
                0x0000000008001524                OTG_FS_WKUP_IRQHandler
                0x0000000008001524                TIM1_TRG_COM_TIM11_IRQHandler
                0x0000000008001524                OTG_HS_IRQHandler
                0x0000000008001524                EXTI1_IRQHandler
                0x0000000008001524                USART2_IRQHandler
                0x0000000008001524                I2C2_ER_IRQHandler
                0x0000000008001524                DMA2_Stream1_IRQHandler
                0x0000000008001524                CAN1_SCE_IRQHandler
                0x0000000008001524                FLASH_IRQHandler
                0x0000000008001524                DMA2_Stream4_IRQHandler
                0x0000000008001524                USART1_IRQHandler
                0x0000000008001524                I2C1_ER_IRQHandler
                0x0000000008001524                DMA2_Stream6_IRQHandler
                0x0000000008001524                DMA1_Stream3_IRQHandler
 *fill*         0x0000000008001526        0x2 
 .text.HAL_Init
                0x0000000008001528       0x44 ./Drivers/STM32F4xx_HAL_Driver/Src/stm32f4xx_hal.o
                0x0000000008001528                HAL_Init
 .text.HAL_InitTick
                0x000000000800156c       0x60 ./Drivers/STM32F4xx_HAL_Driver/Src/stm32f4xx_hal.o
                0x000000000800156c                HAL_InitTick
 .text.HAL_IncTick
                0x00000000080015cc       0x28 ./Drivers/STM32F4xx_HAL_Driver/Src/stm32f4xx_hal.o
                0x00000000080015cc                HAL_IncTick
 .text.HAL_GetTick
                0x00000000080015f4       0x18 ./Drivers/STM32F4xx_HAL_Driver/Src/stm32f4xx_hal.o
                0x00000000080015f4                HAL_GetTick
 .text.HAL_Delay
                0x000000000800160c       0x48 ./Drivers/STM32F4xx_HAL_Driver/Src/stm32f4xx_hal.o
                0x000000000800160c                HAL_Delay
 .text.__NVIC_SetPriorityGrouping
                0x0000000008001654       0x48 ./Drivers/STM32F4xx_HAL_Driver/Src/stm32f4xx_hal_cortex.o
 .text.__NVIC_GetPriorityGrouping
                0x000000000800169c       0x1c ./Drivers/STM32F4xx_HAL_Driver/Src/stm32f4xx_hal_cortex.o
 .text.__NVIC_EnableIRQ
                0x00000000080016b8       0x3c ./Drivers/STM32F4xx_HAL_Driver/Src/stm32f4xx_hal_cortex.o
 .text.__NVIC_SetPriority
                0x00000000080016f4       0x54 ./Drivers/STM32F4xx_HAL_Driver/Src/stm32f4xx_hal_cortex.o
 .text.NVIC_EncodePriority
                0x0000000008001748       0x66 ./Drivers/STM32F4xx_HAL_Driver/Src/stm32f4xx_hal_cortex.o
 *fill*         0x00000000080017ae        0x2 
 .text.SysTick_Config
                0x00000000080017b0       0x44 ./Drivers/STM32F4xx_HAL_Driver/Src/stm32f4xx_hal_cortex.o
 .text.HAL_NVIC_SetPriorityGrouping
                0x00000000080017f4       0x16 ./Drivers/STM32F4xx_HAL_Driver/Src/stm32f4xx_hal_cortex.o
                0x00000000080017f4                HAL_NVIC_SetPriorityGrouping
 .text.HAL_NVIC_SetPriority
                0x000000000800180a       0x38 ./Drivers/STM32F4xx_HAL_Driver/Src/stm32f4xx_hal_cortex.o
                0x000000000800180a                HAL_NVIC_SetPriority
 .text.HAL_NVIC_EnableIRQ
                0x0000000008001842       0x1c ./Drivers/STM32F4xx_HAL_Driver/Src/stm32f4xx_hal_cortex.o
                0x0000000008001842                HAL_NVIC_EnableIRQ
 .text.HAL_SYSTICK_Config
                0x000000000800185e       0x18 ./Drivers/STM32F4xx_HAL_Driver/Src/stm32f4xx_hal_cortex.o
                0x000000000800185e                HAL_SYSTICK_Config
 *fill*         0x0000000008001876        0x2 
 .text.HAL_DMA_Init
                0x0000000008001878      0x15c ./Drivers/STM32F4xx_HAL_Driver/Src/stm32f4xx_hal_dma.o
                0x0000000008001878                HAL_DMA_Init
 .text.HAL_DMA_Abort
                0x00000000080019d4       0xe0 ./Drivers/STM32F4xx_HAL_Driver/Src/stm32f4xx_hal_dma.o
                0x00000000080019d4                HAL_DMA_Abort
 .text.HAL_DMA_IRQHandler
                0x0000000008001ab4      0x314 ./Drivers/STM32F4xx_HAL_Driver/Src/stm32f4xx_hal_dma.o
                0x0000000008001ab4                HAL_DMA_IRQHandler
 .text.DMA_CalcBaseAndBitshift
                0x0000000008001dc8       0x6c ./Drivers/STM32F4xx_HAL_Driver/Src/stm32f4xx_hal_dma.o
 .text.DMA_CheckFifoParam
                0x0000000008001e34       0xf8 ./Drivers/STM32F4xx_HAL_Driver/Src/stm32f4xx_hal_dma.o
 .text.HAL_DMAEx_MultiBufferStart_IT
                0x0000000008001f2c     0x1290 ./Drivers/STM32F4xx_HAL_Driver/Src/stm32f4xx_hal_dma_ex.o
                0x0000000008001f2c                HAL_DMAEx_MultiBufferStart_IT
 .text.DMA_MultiBufferSetConfig
                0x00000000080031bc       0x4c ./Drivers/STM32F4xx_HAL_Driver/Src/stm32f4xx_hal_dma_ex.o
 .text.HAL_GPIO_Init
                0x0000000008003208      0x338 ./Drivers/STM32F4xx_HAL_Driver/Src/stm32f4xx_hal_gpio.o
                0x0000000008003208                HAL_GPIO_Init
 .text.HAL_HCD_Init
                0x0000000008003540       0xc4 ./Drivers/STM32F4xx_HAL_Driver/Src/stm32f4xx_hal_hcd.o
                0x0000000008003540                HAL_HCD_Init
 .text.HAL_HCD_HC_Init
                0x0000000008003604      0x11e ./Drivers/STM32F4xx_HAL_Driver/Src/stm32f4xx_hal_hcd.o
                0x0000000008003604                HAL_HCD_HC_Init
 .text.HAL_HCD_HC_Halt
                0x0000000008003722       0x46 ./Drivers/STM32F4xx_HAL_Driver/Src/stm32f4xx_hal_hcd.o
                0x0000000008003722                HAL_HCD_HC_Halt
 .text.HAL_HCD_HC_SubmitRequest
                0x0000000008003768      0x2ac ./Drivers/STM32F4xx_HAL_Driver/Src/stm32f4xx_hal_hcd.o
                0x0000000008003768                HAL_HCD_HC_SubmitRequest
 .text.HAL_HCD_IRQHandler
                0x0000000008003a14      0x216 ./Drivers/STM32F4xx_HAL_Driver/Src/stm32f4xx_hal_hcd.o
                0x0000000008003a14                HAL_HCD_IRQHandler
 .text.HAL_HCD_Start
                0x0000000008003c2a       0x46 ./Drivers/STM32F4xx_HAL_Driver/Src/stm32f4xx_hal_hcd.o
                0x0000000008003c2a                HAL_HCD_Start
 .text.HAL_HCD_Stop
                0x0000000008003c70       0x3a ./Drivers/STM32F4xx_HAL_Driver/Src/stm32f4xx_hal_hcd.o
                0x0000000008003c70                HAL_HCD_Stop
 .text.HAL_HCD_ResetPort
                0x0000000008003caa       0x1c ./Drivers/STM32F4xx_HAL_Driver/Src/stm32f4xx_hal_hcd.o
                0x0000000008003caa                HAL_HCD_ResetPort
 .text.HAL_HCD_HC_GetURBState
                0x0000000008003cc6       0x28 ./Drivers/STM32F4xx_HAL_Driver/Src/stm32f4xx_hal_hcd.o
                0x0000000008003cc6                HAL_HCD_HC_GetURBState
 .text.HAL_HCD_HC_GetXferCount
                0x0000000008003cee       0x28 ./Drivers/STM32F4xx_HAL_Driver/Src/stm32f4xx_hal_hcd.o
                0x0000000008003cee                HAL_HCD_HC_GetXferCount
 .text.HAL_HCD_GetCurrentFrame
                0x0000000008003d16       0x1c ./Drivers/STM32F4xx_HAL_Driver/Src/stm32f4xx_hal_hcd.o
                0x0000000008003d16                HAL_HCD_GetCurrentFrame
 .text.HAL_HCD_GetCurrentSpeed
                0x0000000008003d32       0x1c ./Drivers/STM32F4xx_HAL_Driver/Src/stm32f4xx_hal_hcd.o
                0x0000000008003d32                HAL_HCD_GetCurrentSpeed
 .text.HCD_HC_IN_IRQHandler
                0x0000000008003d4e      0x844 ./Drivers/STM32F4xx_HAL_Driver/Src/stm32f4xx_hal_hcd.o
 .text.HCD_HC_OUT_IRQHandler
                0x0000000008004592      0x802 ./Drivers/STM32F4xx_HAL_Driver/Src/stm32f4xx_hal_hcd.o
 .text.HCD_RXQLVL_IRQHandler
                0x0000000008004d94      0x1a4 ./Drivers/STM32F4xx_HAL_Driver/Src/stm32f4xx_hal_hcd.o
 .text.HCD_Port_IRQHandler
                0x0000000008004f38       0xe6 ./Drivers/STM32F4xx_HAL_Driver/Src/stm32f4xx_hal_hcd.o
 *fill*         0x000000000800501e        0x2 
 .text.HAL_I2C_Init
                0x0000000008005020      0x288 ./Drivers/STM32F4xx_HAL_Driver/Src/stm32f4xx_hal_i2c.o
                0x0000000008005020                HAL_I2C_Init
 .text.HAL_I2C_Master_Transmit
                0x00000000080052a8      0x1fc ./Drivers/STM32F4xx_HAL_Driver/Src/stm32f4xx_hal_i2c.o
                0x00000000080052a8                HAL_I2C_Master_Transmit
 .text.I2C_MasterRequestWrite
                0x00000000080054a4      0x104 ./Drivers/STM32F4xx_HAL_Driver/Src/stm32f4xx_hal_i2c.o
 .text.I2C_WaitOnFlagUntilTimeout
                0x00000000080055a8       0xae ./Drivers/STM32F4xx_HAL_Driver/Src/stm32f4xx_hal_i2c.o
 .text.I2C_WaitOnMasterAddressFlagUntilTimeout
                0x0000000008005656       0xfe ./Drivers/STM32F4xx_HAL_Driver/Src/stm32f4xx_hal_i2c.o
 .text.I2C_WaitOnTXEFlagUntilTimeout
                0x0000000008005754       0x82 ./Drivers/STM32F4xx_HAL_Driver/Src/stm32f4xx_hal_i2c.o
 .text.I2C_WaitOnBTFFlagUntilTimeout
                0x00000000080057d6       0x82 ./Drivers/STM32F4xx_HAL_Driver/Src/stm32f4xx_hal_i2c.o
 .text.I2C_IsAcknowledgeFailed
                0x0000000008005858       0x5e ./Drivers/STM32F4xx_HAL_Driver/Src/stm32f4xx_hal_i2c.o
 *fill*         0x00000000080058b6        0x2 
 .text.HAL_I2S_Init
                0x00000000080058b8      0x280 ./Drivers/STM32F4xx_HAL_Driver/Src/stm32f4xx_hal_i2s.o
                0x00000000080058b8                HAL_I2S_Init
 .text.HAL_I2S_DMAStop
                0x0000000008005b38      0x3b4 ./Drivers/STM32F4xx_HAL_Driver/Src/stm32f4xx_hal_i2s.o
                0x0000000008005b38                HAL_I2S_DMAStop
 .text.HAL_I2S_IRQHandler
                0x0000000008005eec       0x18 ./Drivers/STM32F4xx_HAL_Driver/Src/stm32f4xx_hal_i2s.o
                0x0000000008005eec                HAL_I2S_IRQHandler
 .text.HAL_I2S_TxCpltCallback
                0x0000000008005f04       0x14 ./Drivers/STM32F4xx_HAL_Driver/Src/stm32f4xx_hal_i2s.o
                0x0000000008005f04                HAL_I2S_TxCpltCallback
 .text.HAL_I2S_RxCpltCallback
                0x0000000008005f18       0x14 ./Drivers/STM32F4xx_HAL_Driver/Src/stm32f4xx_hal_i2s.o
                0x0000000008005f18                HAL_I2S_RxCpltCallback
 .text.HAL_I2S_ErrorCallback
                0x0000000008005f2c       0x14 ./Drivers/STM32F4xx_HAL_Driver/Src/stm32f4xx_hal_i2s.o
                0x0000000008005f2c                HAL_I2S_ErrorCallback
 .text.I2S_Transmit_IT
                0x0000000008005f40       0x5c ./Drivers/STM32F4xx_HAL_Driver/Src/stm32f4xx_hal_i2s.o
 .text.I2S_Receive_IT
                0x0000000008005f9c       0x5e ./Drivers/STM32F4xx_HAL_Driver/Src/stm32f4xx_hal_i2s.o
 .text.I2S_IRQHandler
                0x0000000008005ffa      0x114 ./Drivers/STM32F4xx_HAL_Driver/Src/stm32f4xx_hal_i2s.o
 .text.I2S_WaitFlagStateUntilTimeout
                0x000000000800610e       0x72 ./Drivers/STM32F4xx_HAL_Driver/Src/stm32f4xx_hal_i2s.o
 .text.HAL_I2SEx_FullDuplex_IRQHandler
                0x0000000008006180      0x2a8 ./Drivers/STM32F4xx_HAL_Driver/Src/stm32f4xx_hal_i2s_ex.o
                0x0000000008006180                HAL_I2SEx_FullDuplex_IRQHandler
 .text.HAL_I2SEx_TxRxCpltCallback
                0x0000000008006428       0x14 ./Drivers/STM32F4xx_HAL_Driver/Src/stm32f4xx_hal_i2s_ex.o
                0x0000000008006428                HAL_I2SEx_TxRxCpltCallback
 .text.I2SEx_TxISR_I2S
                0x000000000800643c       0x62 ./Drivers/STM32F4xx_HAL_Driver/Src/stm32f4xx_hal_i2s_ex.o
 *fill*         0x000000000800649e        0x2 
 .text.I2SEx_TxISR_I2SExt
                0x00000000080064a0       0x98 ./Drivers/STM32F4xx_HAL_Driver/Src/stm32f4xx_hal_i2s_ex.o
 .text.I2SEx_RxISR_I2S
                0x0000000008006538       0x64 ./Drivers/STM32F4xx_HAL_Driver/Src/stm32f4xx_hal_i2s_ex.o
 .text.I2SEx_RxISR_I2SExt
                0x000000000800659c       0x98 ./Drivers/STM32F4xx_HAL_Driver/Src/stm32f4xx_hal_i2s_ex.o
 .text.HAL_RCC_OscConfig
                0x0000000008006634      0x4f0 ./Drivers/STM32F4xx_HAL_Driver/Src/stm32f4xx_hal_rcc.o
                0x0000000008006634                HAL_RCC_OscConfig
 .text.HAL_RCC_ClockConfig
                0x0000000008006b24      0x1cc ./Drivers/STM32F4xx_HAL_Driver/Src/stm32f4xx_hal_rcc.o
                0x0000000008006b24                HAL_RCC_ClockConfig
 .text.HAL_RCC_GetSysClockFreq
                0x0000000008006cf0      0x1c4 ./Drivers/STM32F4xx_HAL_Driver/Src/stm32f4xx_hal_rcc.o
                0x0000000008006cf0                HAL_RCC_GetSysClockFreq
 .text.HAL_RCC_GetHCLKFreq
                0x0000000008006eb4       0x18 ./Drivers/STM32F4xx_HAL_Driver/Src/stm32f4xx_hal_rcc.o
                0x0000000008006eb4                HAL_RCC_GetHCLKFreq
 .text.HAL_RCC_GetPCLK1Freq
                0x0000000008006ecc       0x28 ./Drivers/STM32F4xx_HAL_Driver/Src/stm32f4xx_hal_rcc.o
                0x0000000008006ecc                HAL_RCC_GetPCLK1Freq
 .text.HAL_RCC_GetPCLK2Freq
                0x0000000008006ef4       0x28 ./Drivers/STM32F4xx_HAL_Driver/Src/stm32f4xx_hal_rcc.o
                0x0000000008006ef4                HAL_RCC_GetPCLK2Freq
 .text.HAL_RCCEx_PeriphCLKConfig
                0x0000000008006f1c      0x1c4 ./Drivers/STM32F4xx_HAL_Driver/Src/stm32f4xx_hal_rcc_ex.o
                0x0000000008006f1c                HAL_RCCEx_PeriphCLKConfig
 .text.HAL_RCCEx_GetPeriphCLKFreq
                0x00000000080070e0       0xbc ./Drivers/STM32F4xx_HAL_Driver/Src/stm32f4xx_hal_rcc_ex.o
                0x00000000080070e0                HAL_RCCEx_GetPeriphCLKFreq
 .text.HAL_UART_Init
                0x000000000800719c       0x9a ./Drivers/STM32F4xx_HAL_Driver/Src/stm32f4xx_hal_uart.o
                0x000000000800719c                HAL_UART_Init
 .text.HAL_UART_Transmit
                0x0000000008007236      0x124 ./Drivers/STM32F4xx_HAL_Driver/Src/stm32f4xx_hal_uart.o
                0x0000000008007236                HAL_UART_Transmit
 .text.UART_WaitOnFlagUntilTimeout
                0x000000000800735a       0xdc ./Drivers/STM32F4xx_HAL_Driver/Src/stm32f4xx_hal_uart.o
 *fill*         0x0000000008007436        0x2 
 .text.UART_SetConfig
                0x0000000008007438      0x390 ./Drivers/STM32F4xx_HAL_Driver/Src/stm32f4xx_hal_uart.o
 .text.USB_CoreInit
                0x00000000080077c8       0xc2 ./Drivers/STM32F4xx_HAL_Driver/Src/stm32f4xx_ll_usb.o
                0x00000000080077c8                USB_CoreInit
 .text.USB_EnableGlobalInt
                0x000000000800788a       0x22 ./Drivers/STM32F4xx_HAL_Driver/Src/stm32f4xx_ll_usb.o
                0x000000000800788a                USB_EnableGlobalInt
 .text.USB_DisableGlobalInt
                0x00000000080078ac       0x22 ./Drivers/STM32F4xx_HAL_Driver/Src/stm32f4xx_ll_usb.o
                0x00000000080078ac                USB_DisableGlobalInt
 .text.USB_SetCurrentMode
                0x00000000080078ce       0x98 ./Drivers/STM32F4xx_HAL_Driver/Src/stm32f4xx_ll_usb.o
                0x00000000080078ce                USB_SetCurrentMode
 *fill*         0x0000000008007966        0x2 
 .text.USB_FlushTxFifo
                0x0000000008007968       0x48 ./Drivers/STM32F4xx_HAL_Driver/Src/stm32f4xx_ll_usb.o
                0x0000000008007968                USB_FlushTxFifo
 .text.USB_FlushRxFifo
                0x00000000080079b0       0x40 ./Drivers/STM32F4xx_HAL_Driver/Src/stm32f4xx_ll_usb.o
                0x00000000080079b0                USB_FlushRxFifo
 .text.USB_WritePacket
                0x00000000080079f0       0x7c ./Drivers/STM32F4xx_HAL_Driver/Src/stm32f4xx_ll_usb.o
                0x00000000080079f0                USB_WritePacket
 .text.USB_ReadPacket
                0x0000000008007a6c       0xb0 ./Drivers/STM32F4xx_HAL_Driver/Src/stm32f4xx_ll_usb.o
                0x0000000008007a6c                USB_ReadPacket
 .text.USB_ReadInterrupts
                0x0000000008007b1c       0x26 ./Drivers/STM32F4xx_HAL_Driver/Src/stm32f4xx_ll_usb.o
                0x0000000008007b1c                USB_ReadInterrupts
 .text.USB_GetMode
                0x0000000008007b42       0x1c ./Drivers/STM32F4xx_HAL_Driver/Src/stm32f4xx_ll_usb.o
                0x0000000008007b42                USB_GetMode
 *fill*         0x0000000008007b5e        0x2 
 .text.USB_CoreReset
                0x0000000008007b60       0x64 ./Drivers/STM32F4xx_HAL_Driver/Src/stm32f4xx_ll_usb.o
 .text.USB_HostInit
                0x0000000008007bc4      0x168 ./Drivers/STM32F4xx_HAL_Driver/Src/stm32f4xx_ll_usb.o
                0x0000000008007bc4                USB_HostInit
 .text.USB_InitFSLSPClkSel
                0x0000000008007d2c       0x74 ./Drivers/STM32F4xx_HAL_Driver/Src/stm32f4xx_ll_usb.o
                0x0000000008007d2c                USB_InitFSLSPClkSel
 .text.USB_ResetPort
                0x0000000008007da0       0x54 ./Drivers/STM32F4xx_HAL_Driver/Src/stm32f4xx_ll_usb.o
                0x0000000008007da0                USB_ResetPort
 .text.USB_DriveVbus
                0x0000000008007df4       0x72 ./Drivers/STM32F4xx_HAL_Driver/Src/stm32f4xx_ll_usb.o
                0x0000000008007df4                USB_DriveVbus
 .text.USB_GetHostSpeed
                0x0000000008007e66       0x2e ./Drivers/STM32F4xx_HAL_Driver/Src/stm32f4xx_ll_usb.o
                0x0000000008007e66                USB_GetHostSpeed
 .text.USB_GetCurrentFrame
                0x0000000008007e94       0x22 ./Drivers/STM32F4xx_HAL_Driver/Src/stm32f4xx_ll_usb.o
                0x0000000008007e94                USB_GetCurrentFrame
 *fill*         0x0000000008007eb6        0x2 
 .text.USB_HC_Init
                0x0000000008007eb8      0x21c ./Drivers/STM32F4xx_HAL_Driver/Src/stm32f4xx_ll_usb.o
                0x0000000008007eb8                USB_HC_Init
 .text.USB_HC_StartXfer
                0x00000000080080d4      0x284 ./Drivers/STM32F4xx_HAL_Driver/Src/stm32f4xx_ll_usb.o
                0x00000000080080d4                USB_HC_StartXfer
 .text.USB_HC_ReadInterrupt
                0x0000000008008358       0x22 ./Drivers/STM32F4xx_HAL_Driver/Src/stm32f4xx_ll_usb.o
                0x0000000008008358                USB_HC_ReadInterrupt
 .text.USB_HC_Halt
                0x000000000800837a      0x238 ./Drivers/STM32F4xx_HAL_Driver/Src/stm32f4xx_ll_usb.o
                0x000000000800837a                USB_HC_Halt
 *fill*         0x00000000080085b2        0x2 
 .text.USB_DoPing
                0x00000000080085b4       0x78 ./Drivers/STM32F4xx_HAL_Driver/Src/stm32f4xx_ll_usb.o
                0x00000000080085b4                USB_DoPing
 .text.USB_StopHost
                0x000000000800862c      0x10c ./Drivers/STM32F4xx_HAL_Driver/Src/stm32f4xx_ll_usb.o
                0x000000000800862c                USB_StopHost
 .text.MX_FATFS_Init
                0x0000000008008738       0x24 ./FATFS/App/fatfs.o
                0x0000000008008738                MX_FATFS_Init
 .text.get_fattime
                0x000000000800875c       0x10 ./FATFS/App/fatfs.o
                0x000000000800875c                get_fattime
 .text.USBH_initialize
                0x000000000800876c       0x18 ./FATFS/Target/usbh_diskio.o
                0x000000000800876c                USBH_initialize
 .text.USBH_status
                0x0000000008008784       0x38 ./FATFS/Target/usbh_diskio.o
                0x0000000008008784                USBH_status
 .text.USBH_read
                0x00000000080087bc       0x90 ./FATFS/Target/usbh_diskio.o
                0x00000000080087bc                USBH_read
 .text.USBH_write
                0x000000000800884c       0xb4 ./FATFS/Target/usbh_diskio.o
                0x000000000800884c                USBH_write
 .text.USBH_ioctl
                0x0000000008008900       0xd8 ./FATFS/Target/usbh_diskio.o
                0x0000000008008900                USBH_ioctl
 .text.USBH_MSC_InterfaceInit
                0x00000000080089d8      0x250 ./Middlewares/ST/STM32_USB_Host_Library/Class/MSC/Src/usbh_msc.o
 .text.USBH_MSC_InterfaceDeInit
                0x0000000008008c28       0x8c ./Middlewares/ST/STM32_USB_Host_Library/Class/MSC/Src/usbh_msc.o
 .text.USBH_MSC_ClassRequest
                0x0000000008008cb4       0xe4 ./Middlewares/ST/STM32_USB_Host_Library/Class/MSC/Src/usbh_msc.o
 .text.USBH_MSC_Process
                0x0000000008008d98      0x704 ./Middlewares/ST/STM32_USB_Host_Library/Class/MSC/Src/usbh_msc.o
 .text.USBH_MSC_SOFProcess
                0x000000000800949c       0x16 ./Middlewares/ST/STM32_USB_Host_Library/Class/MSC/Src/usbh_msc.o
 *fill*         0x00000000080094b2        0x2 
 .text.USBH_MSC_RdWrProcess
                0x00000000080094b4      0x218 ./Middlewares/ST/STM32_USB_Host_Library/Class/MSC/Src/usbh_msc.o
 .text.USBH_MSC_UnitIsReady
                0x00000000080096cc       0x4c ./Middlewares/ST/STM32_USB_Host_Library/Class/MSC/Src/usbh_msc.o
                0x00000000080096cc                USBH_MSC_UnitIsReady
 .text.USBH_MSC_GetLUNInfo
                0x0000000008009718       0x48 ./Middlewares/ST/STM32_USB_Host_Library/Class/MSC/Src/usbh_msc.o
                0x0000000008009718                USBH_MSC_GetLUNInfo
 .text.USBH_MSC_Read
                0x0000000008009760       0xd2 ./Middlewares/ST/STM32_USB_Host_Library/Class/MSC/Src/usbh_msc.o
                0x0000000008009760                USBH_MSC_Read
 .text.USBH_MSC_Write
                0x0000000008009832       0xd2 ./Middlewares/ST/STM32_USB_Host_Library/Class/MSC/Src/usbh_msc.o
                0x0000000008009832                USBH_MSC_Write
 .text.USBH_MSC_BOT_REQ_Reset
                0x0000000008009904       0x3a ./Middlewares/ST/STM32_USB_Host_Library/Class/MSC/Src/usbh_msc_bot.o
                0x0000000008009904                USBH_MSC_BOT_REQ_Reset
 .text.USBH_MSC_BOT_REQ_GetMaxLUN
                0x000000000800993e       0x3c ./Middlewares/ST/STM32_USB_Host_Library/Class/MSC/Src/usbh_msc_bot.o
                0x000000000800993e                USBH_MSC_BOT_REQ_GetMaxLUN
 *fill*         0x000000000800997a        0x2 
 .text.USBH_MSC_BOT_Init
                0x000000000800997c       0x44 ./Middlewares/ST/STM32_USB_Host_Library/Class/MSC/Src/usbh_msc_bot.o
                0x000000000800997c                USBH_MSC_BOT_Init
 .text.USBH_MSC_BOT_Process
                0x00000000080099c0      0x39c ./Middlewares/ST/STM32_USB_Host_Library/Class/MSC/Src/usbh_msc_bot.o
                0x00000000080099c0                USBH_MSC_BOT_Process
 .text.USBH_MSC_BOT_Abort
                0x0000000008009d5c       0x58 ./Middlewares/ST/STM32_USB_Host_Library/Class/MSC/Src/usbh_msc_bot.o
 .text.USBH_MSC_DecodeCSW
                0x0000000008009db4       0x88 ./Middlewares/ST/STM32_USB_Host_Library/Class/MSC/Src/usbh_msc_bot.o
 .text.USBH_MSC_SCSI_TestUnitReady
                0x0000000008009e3c       0x86 ./Middlewares/ST/STM32_USB_Host_Library/Class/MSC/Src/usbh_msc_scsi.o
                0x0000000008009e3c                USBH_MSC_SCSI_TestUnitReady
 .text.USBH_MSC_SCSI_ReadCapacity
                0x0000000008009ec2       0xf6 ./Middlewares/ST/STM32_USB_Host_Library/Class/MSC/Src/usbh_msc_scsi.o
                0x0000000008009ec2                USBH_MSC_SCSI_ReadCapacity
 .text.USBH_MSC_SCSI_Inquiry
                0x0000000008009fb8      0x14a ./Middlewares/ST/STM32_USB_Host_Library/Class/MSC/Src/usbh_msc_scsi.o
                0x0000000008009fb8                USBH_MSC_SCSI_Inquiry
 .text.USBH_MSC_SCSI_RequestSense
                0x000000000800a102       0xf2 ./Middlewares/ST/STM32_USB_Host_Library/Class/MSC/Src/usbh_msc_scsi.o
                0x000000000800a102                USBH_MSC_SCSI_RequestSense
 .text.USBH_MSC_SCSI_Write
                0x000000000800a1f4       0xd6 ./Middlewares/ST/STM32_USB_Host_Library/Class/MSC/Src/usbh_msc_scsi.o
                0x000000000800a1f4                USBH_MSC_SCSI_Write
 .text.USBH_MSC_SCSI_Read
                0x000000000800a2ca       0xd6 ./Middlewares/ST/STM32_USB_Host_Library/Class/MSC/Src/usbh_msc_scsi.o
                0x000000000800a2ca                USBH_MSC_SCSI_Read
 .text.USBH_Init
                0x000000000800a3a0       0x90 ./Middlewares/ST/STM32_USB_Host_Library/Core/Src/usbh_core.o
                0x000000000800a3a0                USBH_Init
 .text.DeInitStateMachine
                0x000000000800a430       0xa8 ./Middlewares/ST/STM32_USB_Host_Library/Core/Src/usbh_core.o
 .text.USBH_RegisterClass
                0x000000000800a4d8       0x80 ./Middlewares/ST/STM32_USB_Host_Library/Core/Src/usbh_core.o
                0x000000000800a4d8                USBH_RegisterClass
 .text.USBH_SelectInterface
                0x000000000800a558       0xd0 ./Middlewares/ST/STM32_USB_Host_Library/Core/Src/usbh_core.o
                0x000000000800a558                USBH_SelectInterface
 .text.USBH_FindInterface
                0x000000000800a628       0x8c ./Middlewares/ST/STM32_USB_Host_Library/Core/Src/usbh_core.o
                0x000000000800a628                USBH_FindInterface
 .text.USBH_Start
                0x000000000800a6b4       0x20 ./Middlewares/ST/STM32_USB_Host_Library/Core/Src/usbh_core.o
                0x000000000800a6b4                USBH_Start
 .text.USBH_Process
                0x000000000800a6d4      0x4c0 ./Middlewares/ST/STM32_USB_Host_Library/Core/Src/usbh_core.o
                0x000000000800a6d4                USBH_Process
 .text.USBH_HandleEnum
                0x000000000800ab94      0x560 ./Middlewares/ST/STM32_USB_Host_Library/Core/Src/usbh_core.o
 .text.USBH_LL_SetTimer
                0x000000000800b0f4       0x1e ./Middlewares/ST/STM32_USB_Host_Library/Core/Src/usbh_core.o
                0x000000000800b0f4                USBH_LL_SetTimer
 .text.USBH_LL_IncTimer
                0x000000000800b112       0x24 ./Middlewares/ST/STM32_USB_Host_Library/Core/Src/usbh_core.o
                0x000000000800b112                USBH_LL_IncTimer
 .text.USBH_HandleSof
                0x000000000800b136       0x30 ./Middlewares/ST/STM32_USB_Host_Library/Core/Src/usbh_core.o
 .text.USBH_LL_PortEnabled
                0x000000000800b166       0x1c ./Middlewares/ST/STM32_USB_Host_Library/Core/Src/usbh_core.o
                0x000000000800b166                USBH_LL_PortEnabled
 .text.USBH_LL_PortDisabled
                0x000000000800b182       0x1c ./Middlewares/ST/STM32_USB_Host_Library/Core/Src/usbh_core.o
                0x000000000800b182                USBH_LL_PortDisabled
 .text.USBH_LL_Connect
                0x000000000800b19e       0x2e ./Middlewares/ST/STM32_USB_Host_Library/Core/Src/usbh_core.o
                0x000000000800b19e                USBH_LL_Connect
 .text.USBH_LL_Disconnect
                0x000000000800b1cc       0x48 ./Middlewares/ST/STM32_USB_Host_Library/Core/Src/usbh_core.o
                0x000000000800b1cc                USBH_LL_Disconnect
 .text.USBH_Get_DevDesc
                0x000000000800b214       0x50 ./Middlewares/ST/STM32_USB_Host_Library/Core/Src/usbh_ctlreq.o
                0x000000000800b214                USBH_Get_DevDesc
 .text.USBH_Get_CfgDesc
                0x000000000800b264       0x48 ./Middlewares/ST/STM32_USB_Host_Library/Core/Src/usbh_ctlreq.o
                0x000000000800b264                USBH_Get_CfgDesc
 .text.USBH_Get_StringDesc
                0x000000000800b2ac       0x56 ./Middlewares/ST/STM32_USB_Host_Library/Core/Src/usbh_ctlreq.o
                0x000000000800b2ac                USBH_Get_StringDesc
 .text.USBH_GetDescriptor
                0x000000000800b302       0x6a ./Middlewares/ST/STM32_USB_Host_Library/Core/Src/usbh_ctlreq.o
                0x000000000800b302                USBH_GetDescriptor
 .text.USBH_SetAddress
                0x000000000800b36c       0x48 ./Middlewares/ST/STM32_USB_Host_Library/Core/Src/usbh_ctlreq.o
                0x000000000800b36c                USBH_SetAddress
 .text.USBH_SetCfg
                0x000000000800b3b4       0x46 ./Middlewares/ST/STM32_USB_Host_Library/Core/Src/usbh_ctlreq.o
                0x000000000800b3b4                USBH_SetCfg
 .text.USBH_SetFeature
                0x000000000800b3fa       0x48 ./Middlewares/ST/STM32_USB_Host_Library/Core/Src/usbh_ctlreq.o
                0x000000000800b3fa                USBH_SetFeature
 .text.USBH_ClrFeature
                0x000000000800b442       0x48 ./Middlewares/ST/STM32_USB_Host_Library/Core/Src/usbh_ctlreq.o
                0x000000000800b442                USBH_ClrFeature
 .text.USBH_ParseDevDesc
                0x000000000800b48a       0xe0 ./Middlewares/ST/STM32_USB_Host_Library/Core/Src/usbh_ctlreq.o
 .text.USBH_ParseCfgDesc
                0x000000000800b56a      0x144 ./Middlewares/ST/STM32_USB_Host_Library/Core/Src/usbh_ctlreq.o
 .text.USBH_ParseInterfaceDesc
                0x000000000800b6ae       0x5e ./Middlewares/ST/STM32_USB_Host_Library/Core/Src/usbh_ctlreq.o
 .text.USBH_ParseEPDesc
                0x000000000800b70c       0x5a ./Middlewares/ST/STM32_USB_Host_Library/Core/Src/usbh_ctlreq.o
 .text.USBH_ParseStringDesc
                0x000000000800b766       0x66 ./Middlewares/ST/STM32_USB_Host_Library/Core/Src/usbh_ctlreq.o
 .text.USBH_GetNextDesc
                0x000000000800b7cc       0x36 ./Middlewares/ST/STM32_USB_Host_Library/Core/Src/usbh_ctlreq.o
                0x000000000800b7cc                USBH_GetNextDesc
 .text.USBH_CtlReq
                0x000000000800b802       0x7a ./Middlewares/ST/STM32_USB_Host_Library/Core/Src/usbh_ctlreq.o
                0x000000000800b802                USBH_CtlReq
 .text.USBH_HandleControl
                0x000000000800b87c      0x304 ./Middlewares/ST/STM32_USB_Host_Library/Core/Src/usbh_ctlreq.o
 .text.USBH_CtlSendSetup
                0x000000000800bb80       0x34 ./Middlewares/ST/STM32_USB_Host_Library/Core/Src/usbh_ioreq.o
                0x000000000800bb80                USBH_CtlSendSetup
 .text.USBH_CtlSendData
                0x000000000800bbb4       0x4a ./Middlewares/ST/STM32_USB_Host_Library/Core/Src/usbh_ioreq.o
                0x000000000800bbb4                USBH_CtlSendData
 .text.USBH_CtlReceiveData
                0x000000000800bbfe       0x3c ./Middlewares/ST/STM32_USB_Host_Library/Core/Src/usbh_ioreq.o
                0x000000000800bbfe                USBH_CtlReceiveData
 .text.USBH_BulkSendData
                0x000000000800bc3a       0x4a ./Middlewares/ST/STM32_USB_Host_Library/Core/Src/usbh_ioreq.o
                0x000000000800bc3a                USBH_BulkSendData
 .text.USBH_BulkReceiveData
                0x000000000800bc84       0x3c ./Middlewares/ST/STM32_USB_Host_Library/Core/Src/usbh_ioreq.o
                0x000000000800bc84                USBH_BulkReceiveData
 .text.USBH_OpenPipe
                0x000000000800bcc0       0x3e ./Middlewares/ST/STM32_USB_Host_Library/Core/Src/usbh_pipes.o
                0x000000000800bcc0                USBH_OpenPipe
 .text.USBH_ClosePipe
                0x000000000800bcfe       0x20 ./Middlewares/ST/STM32_USB_Host_Library/Core/Src/usbh_pipes.o
                0x000000000800bcfe                USBH_ClosePipe
 .text.USBH_AllocPipe
                0x000000000800bd1e       0x42 ./Middlewares/ST/STM32_USB_Host_Library/Core/Src/usbh_pipes.o
                0x000000000800bd1e                USBH_AllocPipe
 .text.USBH_FreePipe
                0x000000000800bd60       0x3c ./Middlewares/ST/STM32_USB_Host_Library/Core/Src/usbh_pipes.o
                0x000000000800bd60                USBH_FreePipe
 .text.USBH_GetFreePipe
                0x000000000800bd9c       0x48 ./Middlewares/ST/STM32_USB_Host_Library/Core/Src/usbh_pipes.o
 .text.disk_status
                0x000000000800bde4       0x34 ./Middlewares/Third_Party/FatFs/src/diskio.o
                0x000000000800bde4                disk_status
 .text.disk_initialize
                0x000000000800be18       0x4c ./Middlewares/Third_Party/FatFs/src/diskio.o
                0x000000000800be18                disk_initialize
 .text.disk_read
                0x000000000800be64       0x40 ./Middlewares/Third_Party/FatFs/src/diskio.o
                0x000000000800be64                disk_read
 .text.disk_write
                0x000000000800bea4       0x40 ./Middlewares/Third_Party/FatFs/src/diskio.o
                0x000000000800bea4                disk_write
 .text.disk_ioctl
                0x000000000800bee4       0x3c ./Middlewares/Third_Party/FatFs/src/diskio.o
                0x000000000800bee4                disk_ioctl
 .text.ld_word  0x000000000800bf20       0x30 ./Middlewares/Third_Party/FatFs/src/ff.o
 .text.ld_dword
                0x000000000800bf50       0x46 ./Middlewares/Third_Party/FatFs/src/ff.o
 .text.st_word  0x000000000800bf96       0x36 ./Middlewares/Third_Party/FatFs/src/ff.o
 .text.st_dword
                0x000000000800bfcc       0x58 ./Middlewares/Third_Party/FatFs/src/ff.o
 .text.mem_cpy  0x000000000800c024       0x42 ./Middlewares/Third_Party/FatFs/src/ff.o
 .text.mem_set  0x000000000800c066       0x36 ./Middlewares/Third_Party/FatFs/src/ff.o
 .text.mem_cmp  0x000000000800c09c       0x4e ./Middlewares/Third_Party/FatFs/src/ff.o
 .text.chk_chr  0x000000000800c0ea       0x36 ./Middlewares/Third_Party/FatFs/src/ff.o
 .text.chk_lock
                0x000000000800c120       0xb8 ./Middlewares/Third_Party/FatFs/src/ff.o
 .text.enq_lock
                0x000000000800c1d8       0x44 ./Middlewares/Third_Party/FatFs/src/ff.o
 .text.inc_lock
                0x000000000800c21c      0x11c ./Middlewares/Third_Party/FatFs/src/ff.o
 .text.clear_lock
                0x000000000800c338       0x48 ./Middlewares/Third_Party/FatFs/src/ff.o
 .text.sync_window
                0x000000000800c380       0x88 ./Middlewares/Third_Party/FatFs/src/ff.o
 .text.move_window
                0x000000000800c408       0x5a ./Middlewares/Third_Party/FatFs/src/ff.o
 .text.clust2sect
                0x000000000800c462       0x3e ./Middlewares/Third_Party/FatFs/src/ff.o
 .text.get_fat  0x000000000800c4a0      0x1a8 ./Middlewares/Third_Party/FatFs/src/ff.o
 .text.put_fat  0x000000000800c648      0x238 ./Middlewares/Third_Party/FatFs/src/ff.o
 .text.remove_chain
                0x000000000800c880       0xca ./Middlewares/Third_Party/FatFs/src/ff.o
 .text.create_chain
                0x000000000800c94a      0x130 ./Middlewares/Third_Party/FatFs/src/ff.o
 .text.dir_sdi  0x000000000800ca7a      0x112 ./Middlewares/Third_Party/FatFs/src/ff.o
 .text.dir_next
                0x000000000800cb8c      0x1ac ./Middlewares/Third_Party/FatFs/src/ff.o
 .text.dir_alloc
                0x000000000800cd38       0x8e ./Middlewares/Third_Party/FatFs/src/ff.o
 .text.ld_clust
                0x000000000800cdc6       0x3e ./Middlewares/Third_Party/FatFs/src/ff.o
 .text.st_clust
                0x000000000800ce04       0x40 ./Middlewares/Third_Party/FatFs/src/ff.o
 .text.dir_find
                0x000000000800ce44       0xaa ./Middlewares/Third_Party/FatFs/src/ff.o
 .text.dir_register
                0x000000000800ceee       0x64 ./Middlewares/Third_Party/FatFs/src/ff.o
 *fill*         0x000000000800cf52        0x2 
 .text.create_name
                0x000000000800cf54      0x194 ./Middlewares/Third_Party/FatFs/src/ff.o
 .text.follow_path
                0x000000000800d0e8       0xec ./Middlewares/Third_Party/FatFs/src/ff.o
 .text.get_ldnumber
                0x000000000800d1d4       0x88 ./Middlewares/Third_Party/FatFs/src/ff.o
 .text.check_fs
                0x000000000800d25c       0xac ./Middlewares/Third_Party/FatFs/src/ff.o
 .text.find_volume
                0x000000000800d308      0x508 ./Middlewares/Third_Party/FatFs/src/ff.o
 .text.f_mount  0x000000000800d810       0x8c ./Middlewares/Third_Party/FatFs/src/ff.o
                0x000000000800d810                f_mount
 .text.f_open   0x000000000800d89c      0x398 ./Middlewares/Third_Party/FatFs/src/ff.o
                0x000000000800d89c                f_open
 .text.FATFS_LinkDriverEx
                0x000000000800dc34       0x98 ./Middlewares/Third_Party/FatFs/src/ff_gen_drv.o
                0x000000000800dc34                FATFS_LinkDriverEx
 .text.FATFS_LinkDriver
                0x000000000800dccc       0x1e ./Middlewares/Third_Party/FatFs/src/ff_gen_drv.o
                0x000000000800dccc                FATFS_LinkDriver
 *fill*         0x000000000800dcea        0x2 
 .text.MX_USB_HOST_Init
                0x000000000800dcec       0x4c ./USB_HOST/App/usb_host.o
                0x000000000800dcec                MX_USB_HOST_Init
 .text.MX_USB_HOST_Process
                0x000000000800dd38       0x14 ./USB_HOST/App/usb_host.o
                0x000000000800dd38                MX_USB_HOST_Process
 .text.USBH_UserProcess
                0x000000000800dd4c       0x5c ./USB_HOST/App/usb_host.o
 .text.HAL_HCD_MspInit
                0x000000000800dda8       0xc4 ./USB_HOST/Target/usbh_conf.o
                0x000000000800dda8                HAL_HCD_MspInit
 .text.HAL_HCD_SOF_Callback
                0x000000000800de6c       0x1c ./USB_HOST/Target/usbh_conf.o
                0x000000000800de6c                HAL_HCD_SOF_Callback
 .text.HAL_HCD_Connect_Callback
                0x000000000800de88       0x1c ./USB_HOST/Target/usbh_conf.o
                0x000000000800de88                HAL_HCD_Connect_Callback
 .text.HAL_HCD_Disconnect_Callback
                0x000000000800dea4       0x1c ./USB_HOST/Target/usbh_conf.o
                0x000000000800dea4                HAL_HCD_Disconnect_Callback
 .text.HAL_HCD_HC_NotifyURBChange_Callback
                0x000000000800dec0       0x1c ./USB_HOST/Target/usbh_conf.o
                0x000000000800dec0                HAL_HCD_HC_NotifyURBChange_Callback
 .text.HAL_HCD_PortEnabled_Callback
                0x000000000800dedc       0x1c ./USB_HOST/Target/usbh_conf.o
                0x000000000800dedc                HAL_HCD_PortEnabled_Callback
 .text.HAL_HCD_PortDisabled_Callback
                0x000000000800def8       0x1c ./USB_HOST/Target/usbh_conf.o
                0x000000000800def8                HAL_HCD_PortDisabled_Callback
 .text.USBH_LL_Init
                0x000000000800df14       0x78 ./USB_HOST/Target/usbh_conf.o
                0x000000000800df14                USBH_LL_Init
 .text.USBH_LL_Start
                0x000000000800df8c       0x36 ./USB_HOST/Target/usbh_conf.o
                0x000000000800df8c                USBH_LL_Start
 .text.USBH_LL_Stop
                0x000000000800dfc2       0x36 ./USB_HOST/Target/usbh_conf.o
                0x000000000800dfc2                USBH_LL_Stop
 .text.USBH_LL_GetSpeed
                0x000000000800dff8       0x4e ./USB_HOST/Target/usbh_conf.o
                0x000000000800dff8                USBH_LL_GetSpeed
 .text.USBH_LL_ResetPort
                0x000000000800e046       0x36 ./USB_HOST/Target/usbh_conf.o
                0x000000000800e046                USBH_LL_ResetPort
 .text.USBH_LL_GetLastXferSize
                0x000000000800e07c       0x26 ./USB_HOST/Target/usbh_conf.o
                0x000000000800e07c                USBH_LL_GetLastXferSize
 .text.USBH_LL_OpenPipe
                0x000000000800e0a2       0x5e ./USB_HOST/Target/usbh_conf.o
                0x000000000800e0a2                USBH_LL_OpenPipe
 .text.USBH_LL_ClosePipe
                0x000000000800e100       0x3e ./USB_HOST/Target/usbh_conf.o
                0x000000000800e100                USBH_LL_ClosePipe
 .text.USBH_LL_SubmitURB
                0x000000000800e13e       0x62 ./USB_HOST/Target/usbh_conf.o
                0x000000000800e13e                USBH_LL_SubmitURB
 .text.USBH_LL_GetURBState
                0x000000000800e1a0       0x26 ./USB_HOST/Target/usbh_conf.o
                0x000000000800e1a0                USBH_LL_GetURBState
 .text.USBH_LL_DriverVBUS
                0x000000000800e1c6       0x1c ./USB_HOST/Target/usbh_conf.o
                0x000000000800e1c6                USBH_LL_DriverVBUS
 .text.USBH_LL_SetToggle
                0x000000000800e1e2       0x60 ./USB_HOST/Target/usbh_conf.o
                0x000000000800e1e2                USBH_LL_SetToggle
 .text.USBH_LL_GetToggle
                0x000000000800e242       0x60 ./USB_HOST/Target/usbh_conf.o
                0x000000000800e242                USBH_LL_GetToggle
 .text.USBH_Delay
                0x000000000800e2a2       0x16 ./USB_HOST/Target/usbh_conf.o
                0x000000000800e2a2                USBH_Delay
 .text.USBH_Get_USB_Status
                0x000000000800e2b8       0x58 ./USB_HOST/Target/usbh_conf.o
                0x000000000800e2b8                USBH_Get_USB_Status
 .text.__errno  0x000000000800e310        0xc d:/st/stm32cubeide_1.7.0/stm32cubeide/plugins/com.st.stm32cube.ide.mcu.externaltools.gnu-tools-for-stm32.9-2020-q2-update.win32_2.0.0.202105311346/tools/bin/../lib/gcc/arm-none-eabi/9.3.1/../../../../arm-none-eabi/lib/thumb/v7e-m+fp/hard\libc_nano.a(lib_a-errno.o)
                0x000000000800e310                __errno
 .text.__libc_init_array
                0x000000000800e31c       0x48 d:/st/stm32cubeide_1.7.0/stm32cubeide/plugins/com.st.stm32cube.ide.mcu.externaltools.gnu-tools-for-stm32.9-2020-q2-update.win32_2.0.0.202105311346/tools/bin/../lib/gcc/arm-none-eabi/9.3.1/../../../../arm-none-eabi/lib/thumb/v7e-m+fp/hard\libc_nano.a(lib_a-init.o)
                0x000000000800e31c                __libc_init_array
 .text.malloc   0x000000000800e364       0x10 d:/st/stm32cubeide_1.7.0/stm32cubeide/plugins/com.st.stm32cube.ide.mcu.externaltools.gnu-tools-for-stm32.9-2020-q2-update.win32_2.0.0.202105311346/tools/bin/../lib/gcc/arm-none-eabi/9.3.1/../../../../arm-none-eabi/lib/thumb/v7e-m+fp/hard\libc_nano.a(lib_a-malloc.o)
                0x000000000800e364                malloc
 .text.free     0x000000000800e374       0x10 d:/st/stm32cubeide_1.7.0/stm32cubeide/plugins/com.st.stm32cube.ide.mcu.externaltools.gnu-tools-for-stm32.9-2020-q2-update.win32_2.0.0.202105311346/tools/bin/../lib/gcc/arm-none-eabi/9.3.1/../../../../arm-none-eabi/lib/thumb/v7e-m+fp/hard\libc_nano.a(lib_a-malloc.o)
                0x000000000800e374                free
 .text.memcpy   0x000000000800e384       0x1c d:/st/stm32cubeide_1.7.0/stm32cubeide/plugins/com.st.stm32cube.ide.mcu.externaltools.gnu-tools-for-stm32.9-2020-q2-update.win32_2.0.0.202105311346/tools/bin/../lib/gcc/arm-none-eabi/9.3.1/../../../../arm-none-eabi/lib/thumb/v7e-m+fp/hard\libc_nano.a(lib_a-memcpy-stub.o)
                0x000000000800e384                memcpy
 .text.memset   0x000000000800e3a0       0x10 d:/st/stm32cubeide_1.7.0/stm32cubeide/plugins/com.st.stm32cube.ide.mcu.externaltools.gnu-tools-for-stm32.9-2020-q2-update.win32_2.0.0.202105311346/tools/bin/../lib/gcc/arm-none-eabi/9.3.1/../../../../arm-none-eabi/lib/thumb/v7e-m+fp/hard\libc_nano.a(lib_a-memset.o)
                0x000000000800e3a0                memset
 .text._free_r  0x000000000800e3b0       0xa0 d:/st/stm32cubeide_1.7.0/stm32cubeide/plugins/com.st.stm32cube.ide.mcu.externaltools.gnu-tools-for-stm32.9-2020-q2-update.win32_2.0.0.202105311346/tools/bin/../lib/gcc/arm-none-eabi/9.3.1/../../../../arm-none-eabi/lib/thumb/v7e-m+fp/hard\libc_nano.a(lib_a-nano-freer.o)
                0x000000000800e3b0                _free_r
 .text._malloc_r
                0x000000000800e450       0xb4 d:/st/stm32cubeide_1.7.0/stm32cubeide/plugins/com.st.stm32cube.ide.mcu.externaltools.gnu-tools-for-stm32.9-2020-q2-update.win32_2.0.0.202105311346/tools/bin/../lib/gcc/arm-none-eabi/9.3.1/../../../../arm-none-eabi/lib/thumb/v7e-m+fp/hard\libc_nano.a(lib_a-nano-mallocr.o)
                0x000000000800e450                _malloc_r
 .text.printf   0x000000000800e504       0x30 d:/st/stm32cubeide_1.7.0/stm32cubeide/plugins/com.st.stm32cube.ide.mcu.externaltools.gnu-tools-for-stm32.9-2020-q2-update.win32_2.0.0.202105311346/tools/bin/../lib/gcc/arm-none-eabi/9.3.1/../../../../arm-none-eabi/lib/thumb/v7e-m+fp/hard\libc_nano.a(lib_a-printf.o)
                0x000000000800e504                iprintf
                0x000000000800e504                printf
 .text.putchar  0x000000000800e534       0x2c d:/st/stm32cubeide_1.7.0/stm32cubeide/plugins/com.st.stm32cube.ide.mcu.externaltools.gnu-tools-for-stm32.9-2020-q2-update.win32_2.0.0.202105311346/tools/bin/../lib/gcc/arm-none-eabi/9.3.1/../../../../arm-none-eabi/lib/thumb/v7e-m+fp/hard\libc_nano.a(lib_a-putchar.o)
                0x000000000800e534                putchar
 .text._sbrk_r  0x000000000800e560       0x20 d:/st/stm32cubeide_1.7.0/stm32cubeide/plugins/com.st.stm32cube.ide.mcu.externaltools.gnu-tools-for-stm32.9-2020-q2-update.win32_2.0.0.202105311346/tools/bin/../lib/gcc/arm-none-eabi/9.3.1/../../../../arm-none-eabi/lib/thumb/v7e-m+fp/hard\libc_nano.a(lib_a-sbrkr.o)
                0x000000000800e560                _sbrk_r
 .text.std      0x000000000800e580       0x48 d:/st/stm32cubeide_1.7.0/stm32cubeide/plugins/com.st.stm32cube.ide.mcu.externaltools.gnu-tools-for-stm32.9-2020-q2-update.win32_2.0.0.202105311346/tools/bin/../lib/gcc/arm-none-eabi/9.3.1/../../../../arm-none-eabi/lib/thumb/v7e-m+fp/hard\libc_nano.a(lib_a-findfp.o)
 .text._cleanup_r
                0x000000000800e5c8        0xc d:/st/stm32cubeide_1.7.0/stm32cubeide/plugins/com.st.stm32cube.ide.mcu.externaltools.gnu-tools-for-stm32.9-2020-q2-update.win32_2.0.0.202105311346/tools/bin/../lib/gcc/arm-none-eabi/9.3.1/../../../../arm-none-eabi/lib/thumb/v7e-m+fp/hard\libc_nano.a(lib_a-findfp.o)
                0x000000000800e5c8                _cleanup_r
 .text.__sfmoreglue
                0x000000000800e5d4       0x2c d:/st/stm32cubeide_1.7.0/stm32cubeide/plugins/com.st.stm32cube.ide.mcu.externaltools.gnu-tools-for-stm32.9-2020-q2-update.win32_2.0.0.202105311346/tools/bin/../lib/gcc/arm-none-eabi/9.3.1/../../../../arm-none-eabi/lib/thumb/v7e-m+fp/hard\libc_nano.a(lib_a-findfp.o)
                0x000000000800e5d4                __sfmoreglue
 .text.__sfp_lock_acquire
                0x000000000800e600        0xc d:/st/stm32cubeide_1.7.0/stm32cubeide/plugins/com.st.stm32cube.ide.mcu.externaltools.gnu-tools-for-stm32.9-2020-q2-update.win32_2.0.0.202105311346/tools/bin/../lib/gcc/arm-none-eabi/9.3.1/../../../../arm-none-eabi/lib/thumb/v7e-m+fp/hard\libc_nano.a(lib_a-findfp.o)
                0x000000000800e600                __sfp_lock_acquire
 .text.__sfp_lock_release
                0x000000000800e60c        0xc d:/st/stm32cubeide_1.7.0/stm32cubeide/plugins/com.st.stm32cube.ide.mcu.externaltools.gnu-tools-for-stm32.9-2020-q2-update.win32_2.0.0.202105311346/tools/bin/../lib/gcc/arm-none-eabi/9.3.1/../../../../arm-none-eabi/lib/thumb/v7e-m+fp/hard\libc_nano.a(lib_a-findfp.o)
                0x000000000800e60c                __sfp_lock_release
 .text.__sinit_lock_acquire
                0x000000000800e618        0xc d:/st/stm32cubeide_1.7.0/stm32cubeide/plugins/com.st.stm32cube.ide.mcu.externaltools.gnu-tools-for-stm32.9-2020-q2-update.win32_2.0.0.202105311346/tools/bin/../lib/gcc/arm-none-eabi/9.3.1/../../../../arm-none-eabi/lib/thumb/v7e-m+fp/hard\libc_nano.a(lib_a-findfp.o)
                0x000000000800e618                __sinit_lock_acquire
 .text.__sinit_lock_release
                0x000000000800e624        0xc d:/st/stm32cubeide_1.7.0/stm32cubeide/plugins/com.st.stm32cube.ide.mcu.externaltools.gnu-tools-for-stm32.9-2020-q2-update.win32_2.0.0.202105311346/tools/bin/../lib/gcc/arm-none-eabi/9.3.1/../../../../arm-none-eabi/lib/thumb/v7e-m+fp/hard\libc_nano.a(lib_a-findfp.o)
                0x000000000800e624                __sinit_lock_release
 .text.__sinit  0x000000000800e630       0x70 d:/st/stm32cubeide_1.7.0/stm32cubeide/plugins/com.st.stm32cube.ide.mcu.externaltools.gnu-tools-for-stm32.9-2020-q2-update.win32_2.0.0.202105311346/tools/bin/../lib/gcc/arm-none-eabi/9.3.1/../../../../arm-none-eabi/lib/thumb/v7e-m+fp/hard\libc_nano.a(lib_a-findfp.o)
                0x000000000800e630                __sinit
 .text.__sfp    0x000000000800e6a0       0x8c d:/st/stm32cubeide_1.7.0/stm32cubeide/plugins/com.st.stm32cube.ide.mcu.externaltools.gnu-tools-for-stm32.9-2020-q2-update.win32_2.0.0.202105311346/tools/bin/../lib/gcc/arm-none-eabi/9.3.1/../../../../arm-none-eabi/lib/thumb/v7e-m+fp/hard\libc_nano.a(lib_a-findfp.o)
                0x000000000800e6a0                __sfp
 .text._fwalk_reent
                0x000000000800e72c       0x3e d:/st/stm32cubeide_1.7.0/stm32cubeide/plugins/com.st.stm32cube.ide.mcu.externaltools.gnu-tools-for-stm32.9-2020-q2-update.win32_2.0.0.202105311346/tools/bin/../lib/gcc/arm-none-eabi/9.3.1/../../../../arm-none-eabi/lib/thumb/v7e-m+fp/hard\libc_nano.a(lib_a-fwalk.o)
                0x000000000800e72c                _fwalk_reent
 .text.__retarget_lock_init_recursive
                0x000000000800e76a        0x2 d:/st/stm32cubeide_1.7.0/stm32cubeide/plugins/com.st.stm32cube.ide.mcu.externaltools.gnu-tools-for-stm32.9-2020-q2-update.win32_2.0.0.202105311346/tools/bin/../lib/gcc/arm-none-eabi/9.3.1/../../../../arm-none-eabi/lib/thumb/v7e-m+fp/hard\libc_nano.a(lib_a-lock.o)
                0x000000000800e76a                __retarget_lock_init_recursive
 .text.__retarget_lock_acquire_recursive
                0x000000000800e76c        0x2 d:/st/stm32cubeide_1.7.0/stm32cubeide/plugins/com.st.stm32cube.ide.mcu.externaltools.gnu-tools-for-stm32.9-2020-q2-update.win32_2.0.0.202105311346/tools/bin/../lib/gcc/arm-none-eabi/9.3.1/../../../../arm-none-eabi/lib/thumb/v7e-m+fp/hard\libc_nano.a(lib_a-lock.o)
                0x000000000800e76c                __retarget_lock_acquire_recursive
 .text.__retarget_lock_release_recursive
                0x000000000800e76e        0x2 d:/st/stm32cubeide_1.7.0/stm32cubeide/plugins/com.st.stm32cube.ide.mcu.externaltools.gnu-tools-for-stm32.9-2020-q2-update.win32_2.0.0.202105311346/tools/bin/../lib/gcc/arm-none-eabi/9.3.1/../../../../arm-none-eabi/lib/thumb/v7e-m+fp/hard\libc_nano.a(lib_a-lock.o)
                0x000000000800e76e                __retarget_lock_release_recursive
 .text.__malloc_lock
                0x000000000800e770        0xc d:/st/stm32cubeide_1.7.0/stm32cubeide/plugins/com.st.stm32cube.ide.mcu.externaltools.gnu-tools-for-stm32.9-2020-q2-update.win32_2.0.0.202105311346/tools/bin/../lib/gcc/arm-none-eabi/9.3.1/../../../../arm-none-eabi/lib/thumb/v7e-m+fp/hard\libc_nano.a(lib_a-mlock.o)
                0x000000000800e770                __malloc_lock
 .text.__malloc_unlock
                0x000000000800e77c        0xc d:/st/stm32cubeide_1.7.0/stm32cubeide/plugins/com.st.stm32cube.ide.mcu.externaltools.gnu-tools-for-stm32.9-2020-q2-update.win32_2.0.0.202105311346/tools/bin/../lib/gcc/arm-none-eabi/9.3.1/../../../../arm-none-eabi/lib/thumb/v7e-m+fp/hard\libc_nano.a(lib_a-mlock.o)
                0x000000000800e77c                __malloc_unlock
 .text.__sfputc_r
                0x000000000800e788       0x2e d:/st/stm32cubeide_1.7.0/stm32cubeide/plugins/com.st.stm32cube.ide.mcu.externaltools.gnu-tools-for-stm32.9-2020-q2-update.win32_2.0.0.202105311346/tools/bin/../lib/gcc/arm-none-eabi/9.3.1/../../../../arm-none-eabi/lib/thumb/v7e-m+fp/hard\libc_nano.a(lib_a-nano-vfprintf.o)
 .text.__sfputs_r
                0x000000000800e7b6       0x24 d:/st/stm32cubeide_1.7.0/stm32cubeide/plugins/com.st.stm32cube.ide.mcu.externaltools.gnu-tools-for-stm32.9-2020-q2-update.win32_2.0.0.202105311346/tools/bin/../lib/gcc/arm-none-eabi/9.3.1/../../../../arm-none-eabi/lib/thumb/v7e-m+fp/hard\libc_nano.a(lib_a-nano-vfprintf.o)
                0x000000000800e7b6                __sfputs_r
 *fill*         0x000000000800e7da        0x2 
 .text._vfprintf_r
                0x000000000800e7dc      0x260 d:/st/stm32cubeide_1.7.0/stm32cubeide/plugins/com.st.stm32cube.ide.mcu.externaltools.gnu-tools-for-stm32.9-2020-q2-update.win32_2.0.0.202105311346/tools/bin/../lib/gcc/arm-none-eabi/9.3.1/../../../../arm-none-eabi/lib/thumb/v7e-m+fp/hard\libc_nano.a(lib_a-nano-vfprintf.o)
                0x000000000800e7dc                _vfprintf_r
                0x000000000800e7dc                _vfiprintf_r
 .text._printf_common
                0x000000000800ea3c       0xda d:/st/stm32cubeide_1.7.0/stm32cubeide/plugins/com.st.stm32cube.ide.mcu.externaltools.gnu-tools-for-stm32.9-2020-q2-update.win32_2.0.0.202105311346/tools/bin/../lib/gcc/arm-none-eabi/9.3.1/../../../../arm-none-eabi/lib/thumb/v7e-m+fp/hard\libc_nano.a(lib_a-nano-vfprintf_i.o)
                0x000000000800ea3c                _printf_common
 *fill*         0x000000000800eb16        0x2 
 .text._printf_i
                0x000000000800eb18      0x24c d:/st/stm32cubeide_1.7.0/stm32cubeide/plugins/com.st.stm32cube.ide.mcu.externaltools.gnu-tools-for-stm32.9-2020-q2-update.win32_2.0.0.202105311346/tools/bin/../lib/gcc/arm-none-eabi/9.3.1/../../../../arm-none-eabi/lib/thumb/v7e-m+fp/hard\libc_nano.a(lib_a-nano-vfprintf_i.o)
                0x000000000800eb18                _printf_i
 .text._putc_r  0x000000000800ed64       0x90 d:/st/stm32cubeide_1.7.0/stm32cubeide/plugins/com.st.stm32cube.ide.mcu.externaltools.gnu-tools-for-stm32.9-2020-q2-update.win32_2.0.0.202105311346/tools/bin/../lib/gcc/arm-none-eabi/9.3.1/../../../../arm-none-eabi/lib/thumb/v7e-m+fp/hard\libc_nano.a(lib_a-putc.o)
                0x000000000800ed64                _putc_r
 .text.__sread  0x000000000800edf4       0x22 d:/st/stm32cubeide_1.7.0/stm32cubeide/plugins/com.st.stm32cube.ide.mcu.externaltools.gnu-tools-for-stm32.9-2020-q2-update.win32_2.0.0.202105311346/tools/bin/../lib/gcc/arm-none-eabi/9.3.1/../../../../arm-none-eabi/lib/thumb/v7e-m+fp/hard\libc_nano.a(lib_a-stdio.o)
                0x000000000800edf4                __sread
 .text.__swrite
                0x000000000800ee16       0x38 d:/st/stm32cubeide_1.7.0/stm32cubeide/plugins/com.st.stm32cube.ide.mcu.externaltools.gnu-tools-for-stm32.9-2020-q2-update.win32_2.0.0.202105311346/tools/bin/../lib/gcc/arm-none-eabi/9.3.1/../../../../arm-none-eabi/lib/thumb/v7e-m+fp/hard\libc_nano.a(lib_a-stdio.o)
                0x000000000800ee16                __swrite
 .text.__sseek  0x000000000800ee4e       0x24 d:/st/stm32cubeide_1.7.0/stm32cubeide/plugins/com.st.stm32cube.ide.mcu.externaltools.gnu-tools-for-stm32.9-2020-q2-update.win32_2.0.0.202105311346/tools/bin/../lib/gcc/arm-none-eabi/9.3.1/../../../../arm-none-eabi/lib/thumb/v7e-m+fp/hard\libc_nano.a(lib_a-stdio.o)
                0x000000000800ee4e                __sseek
 .text.__sclose
                0x000000000800ee72        0x8 d:/st/stm32cubeide_1.7.0/stm32cubeide/plugins/com.st.stm32cube.ide.mcu.externaltools.gnu-tools-for-stm32.9-2020-q2-update.win32_2.0.0.202105311346/tools/bin/../lib/gcc/arm-none-eabi/9.3.1/../../../../arm-none-eabi/lib/thumb/v7e-m+fp/hard\libc_nano.a(lib_a-stdio.o)
                0x000000000800ee72                __sclose
 *fill*         0x000000000800ee7a        0x2 
 .text.__swbuf_r
                0x000000000800ee7c       0xa4 d:/st/stm32cubeide_1.7.0/stm32cubeide/plugins/com.st.stm32cube.ide.mcu.externaltools.gnu-tools-for-stm32.9-2020-q2-update.win32_2.0.0.202105311346/tools/bin/../lib/gcc/arm-none-eabi/9.3.1/../../../../arm-none-eabi/lib/thumb/v7e-m+fp/hard\libc_nano.a(lib_a-wbuf.o)
                0x000000000800ee7c                __swbuf_r
 .text._write_r
                0x000000000800ef20       0x24 d:/st/stm32cubeide_1.7.0/stm32cubeide/plugins/com.st.stm32cube.ide.mcu.externaltools.gnu-tools-for-stm32.9-2020-q2-update.win32_2.0.0.202105311346/tools/bin/../lib/gcc/arm-none-eabi/9.3.1/../../../../arm-none-eabi/lib/thumb/v7e-m+fp/hard\libc_nano.a(lib_a-writer.o)
                0x000000000800ef20                _write_r
 .text.__swsetup_r
                0x000000000800ef44       0xdc d:/st/stm32cubeide_1.7.0/stm32cubeide/plugins/com.st.stm32cube.ide.mcu.externaltools.gnu-tools-for-stm32.9-2020-q2-update.win32_2.0.0.202105311346/tools/bin/../lib/gcc/arm-none-eabi/9.3.1/../../../../arm-none-eabi/lib/thumb/v7e-m+fp/hard\libc_nano.a(lib_a-wsetup.o)
                0x000000000800ef44                __swsetup_r
 .text._close_r
                0x000000000800f020       0x20 d:/st/stm32cubeide_1.7.0/stm32cubeide/plugins/com.st.stm32cube.ide.mcu.externaltools.gnu-tools-for-stm32.9-2020-q2-update.win32_2.0.0.202105311346/tools/bin/../lib/gcc/arm-none-eabi/9.3.1/../../../../arm-none-eabi/lib/thumb/v7e-m+fp/hard\libc_nano.a(lib_a-closer.o)
                0x000000000800f020                _close_r
 .text.__sflush_r
                0x000000000800f040      0x10c d:/st/stm32cubeide_1.7.0/stm32cubeide/plugins/com.st.stm32cube.ide.mcu.externaltools.gnu-tools-for-stm32.9-2020-q2-update.win32_2.0.0.202105311346/tools/bin/../lib/gcc/arm-none-eabi/9.3.1/../../../../arm-none-eabi/lib/thumb/v7e-m+fp/hard\libc_nano.a(lib_a-fflush.o)
                0x000000000800f040                __sflush_r
 .text._fflush_r
                0x000000000800f14c       0x78 d:/st/stm32cubeide_1.7.0/stm32cubeide/plugins/com.st.stm32cube.ide.mcu.externaltools.gnu-tools-for-stm32.9-2020-q2-update.win32_2.0.0.202105311346/tools/bin/../lib/gcc/arm-none-eabi/9.3.1/../../../../arm-none-eabi/lib/thumb/v7e-m+fp/hard\libc_nano.a(lib_a-fflush.o)
                0x000000000800f14c                _fflush_r
 .text._lseek_r
                0x000000000800f1c4       0x24 d:/st/stm32cubeide_1.7.0/stm32cubeide/plugins/com.st.stm32cube.ide.mcu.externaltools.gnu-tools-for-stm32.9-2020-q2-update.win32_2.0.0.202105311346/tools/bin/../lib/gcc/arm-none-eabi/9.3.1/../../../../arm-none-eabi/lib/thumb/v7e-m+fp/hard\libc_nano.a(lib_a-lseekr.o)
                0x000000000800f1c4                _lseek_r
 .text.__swhatbuf_r
                0x000000000800f1e8       0x48 d:/st/stm32cubeide_1.7.0/stm32cubeide/plugins/com.st.stm32cube.ide.mcu.externaltools.gnu-tools-for-stm32.9-2020-q2-update.win32_2.0.0.202105311346/tools/bin/../lib/gcc/arm-none-eabi/9.3.1/../../../../arm-none-eabi/lib/thumb/v7e-m+fp/hard\libc_nano.a(lib_a-makebuf.o)
                0x000000000800f1e8                __swhatbuf_r
 .text.__smakebuf_r
                0x000000000800f230       0x80 d:/st/stm32cubeide_1.7.0/stm32cubeide/plugins/com.st.stm32cube.ide.mcu.externaltools.gnu-tools-for-stm32.9-2020-q2-update.win32_2.0.0.202105311346/tools/bin/../lib/gcc/arm-none-eabi/9.3.1/../../../../arm-none-eabi/lib/thumb/v7e-m+fp/hard\libc_nano.a(lib_a-makebuf.o)
                0x000000000800f230                __smakebuf_r
 .text._read_r  0x000000000800f2b0       0x24 d:/st/stm32cubeide_1.7.0/stm32cubeide/plugins/com.st.stm32cube.ide.mcu.externaltools.gnu-tools-for-stm32.9-2020-q2-update.win32_2.0.0.202105311346/tools/bin/../lib/gcc/arm-none-eabi/9.3.1/../../../../arm-none-eabi/lib/thumb/v7e-m+fp/hard\libc_nano.a(lib_a-readr.o)
                0x000000000800f2b0                _read_r
 .text._fstat_r
                0x000000000800f2d4       0x24 d:/st/stm32cubeide_1.7.0/stm32cubeide/plugins/com.st.stm32cube.ide.mcu.externaltools.gnu-tools-for-stm32.9-2020-q2-update.win32_2.0.0.202105311346/tools/bin/../lib/gcc/arm-none-eabi/9.3.1/../../../../arm-none-eabi/lib/thumb/v7e-m+fp/hard\libc_nano.a(lib_a-fstatr.o)
                0x000000000800f2d4                _fstat_r
 .text._isatty_r
                0x000000000800f2f8       0x20 d:/st/stm32cubeide_1.7.0/stm32cubeide/plugins/com.st.stm32cube.ide.mcu.externaltools.gnu-tools-for-stm32.9-2020-q2-update.win32_2.0.0.202105311346/tools/bin/../lib/gcc/arm-none-eabi/9.3.1/../../../../arm-none-eabi/lib/thumb/v7e-m+fp/hard\libc_nano.a(lib_a-isattyr.o)
                0x000000000800f2f8                _isatty_r
 *(.glue_7)
 .glue_7        0x000000000800f318        0x0 linker stubs
 *(.glue_7t)
 .glue_7t       0x000000000800f318        0x0 linker stubs
 *(.eh_frame)
 .eh_frame      0x000000000800f318        0x0 d:/st/stm32cubeide_1.7.0/stm32cubeide/plugins/com.st.stm32cube.ide.mcu.externaltools.gnu-tools-for-stm32.9-2020-q2-update.win32_2.0.0.202105311346/tools/bin/../lib/gcc/arm-none-eabi/9.3.1/thumb/v7e-m+fp/hard/crtbegin.o
 *(.init)
 .init          0x000000000800f318        0x4 d:/st/stm32cubeide_1.7.0/stm32cubeide/plugins/com.st.stm32cube.ide.mcu.externaltools.gnu-tools-for-stm32.9-2020-q2-update.win32_2.0.0.202105311346/tools/bin/../lib/gcc/arm-none-eabi/9.3.1/thumb/v7e-m+fp/hard/crti.o
                0x000000000800f318                _init
 .init          0x000000000800f31c        0x8 d:/st/stm32cubeide_1.7.0/stm32cubeide/plugins/com.st.stm32cube.ide.mcu.externaltools.gnu-tools-for-stm32.9-2020-q2-update.win32_2.0.0.202105311346/tools/bin/../lib/gcc/arm-none-eabi/9.3.1/thumb/v7e-m+fp/hard/crtn.o
 *(.fini)
 .fini          0x000000000800f324        0x4 d:/st/stm32cubeide_1.7.0/stm32cubeide/plugins/com.st.stm32cube.ide.mcu.externaltools.gnu-tools-for-stm32.9-2020-q2-update.win32_2.0.0.202105311346/tools/bin/../lib/gcc/arm-none-eabi/9.3.1/thumb/v7e-m+fp/hard/crti.o
                0x000000000800f324                _fini
 .fini          0x000000000800f328        0x8 d:/st/stm32cubeide_1.7.0/stm32cubeide/plugins/com.st.stm32cube.ide.mcu.externaltools.gnu-tools-for-stm32.9-2020-q2-update.win32_2.0.0.202105311346/tools/bin/../lib/gcc/arm-none-eabi/9.3.1/thumb/v7e-m+fp/hard/crtn.o
                0x000000000800f330                . = ALIGN (0x4)
                0x000000000800f330                _etext = .

.vfp11_veneer   0x000000000800f330        0x0
 .vfp11_veneer  0x000000000800f330        0x0 linker stubs

.v4_bx          0x000000000800f330        0x0
 .v4_bx         0x000000000800f330        0x0 linker stubs

.iplt           0x000000000800f330        0x0
 .iplt          0x000000000800f330        0x0 d:/st/stm32cubeide_1.7.0/stm32cubeide/plugins/com.st.stm32cube.ide.mcu.externaltools.gnu-tools-for-stm32.9-2020-q2-update.win32_2.0.0.202105311346/tools/bin/../lib/gcc/arm-none-eabi/9.3.1/thumb/v7e-m+fp/hard/crtbegin.o

.rodata         0x000000000800f330    0x77138
                0x000000000800f330                . = ALIGN (0x4)
 *(.rodata)
 .rodata        0x000000000800f330       0x99 ./Core/Src/main.o
 *fill*         0x000000000800f3c9        0x3 
 .rodata        0x000000000800f3cc       0x3d ./FATFS/Target/usbh_diskio.o
 *fill*         0x000000000800f409        0x3 
 .rodata        0x000000000800f40c      0x194 ./Middlewares/ST/STM32_USB_Host_Library/Class/MSC/Src/usbh_msc.o
 .rodata        0x000000000800f5a0      0x434 ./Middlewares/ST/STM32_USB_Host_Library/Core/Src/usbh_core.o
 .rodata        0x000000000800f9d4       0x2d ./Middlewares/ST/STM32_USB_Host_Library/Core/Src/usbh_ctlreq.o
 *fill*         0x000000000800fa01        0x3 
 .rodata        0x000000000800fa04       0x44 ./Middlewares/Third_Party/FatFs/src/ff.o
 *(.rodata*)
 .rodata.data   0x000000000800fa48    0x76952 ./Core/Src/audio_player.o
                0x000000000800fa48                data
 *fill*         0x000000000808639a        0x2 
 .rodata.AHBPrescTable
                0x000000000808639c       0x10 ./Core/Src/system_stm32f4xx.o
                0x000000000808639c                AHBPrescTable
 .rodata.APBPrescTable
                0x00000000080863ac        0x8 ./Core/Src/system_stm32f4xx.o
                0x00000000080863ac                APBPrescTable
 .rodata.flagBitshiftOffset.8443
                0x00000000080863b4        0x8 ./Drivers/STM32F4xx_HAL_Driver/Src/stm32f4xx_hal_dma.o
 .rodata.USBH_Driver
                0x00000000080863bc       0x14 ./FATFS/Target/usbh_diskio.o
                0x00000000080863bc                USBH_Driver
 .rodata._global_impure_ptr
                0x00000000080863d0        0x4 d:/st/stm32cubeide_1.7.0/stm32cubeide/plugins/com.st.stm32cube.ide.mcu.externaltools.gnu-tools-for-stm32.9-2020-q2-update.win32_2.0.0.202105311346/tools/bin/../lib/gcc/arm-none-eabi/9.3.1/../../../../arm-none-eabi/lib/thumb/v7e-m+fp/hard\libc_nano.a(lib_a-impure.o)
                0x00000000080863d0                _global_impure_ptr
 .rodata.__sf_fake_stderr
                0x00000000080863d4       0x20 d:/st/stm32cubeide_1.7.0/stm32cubeide/plugins/com.st.stm32cube.ide.mcu.externaltools.gnu-tools-for-stm32.9-2020-q2-update.win32_2.0.0.202105311346/tools/bin/../lib/gcc/arm-none-eabi/9.3.1/../../../../arm-none-eabi/lib/thumb/v7e-m+fp/hard\libc_nano.a(lib_a-findfp.o)
                0x00000000080863d4                __sf_fake_stderr
 .rodata.__sf_fake_stdin
                0x00000000080863f4       0x20 d:/st/stm32cubeide_1.7.0/stm32cubeide/plugins/com.st.stm32cube.ide.mcu.externaltools.gnu-tools-for-stm32.9-2020-q2-update.win32_2.0.0.202105311346/tools/bin/../lib/gcc/arm-none-eabi/9.3.1/../../../../arm-none-eabi/lib/thumb/v7e-m+fp/hard\libc_nano.a(lib_a-findfp.o)
                0x00000000080863f4                __sf_fake_stdin
 .rodata.__sf_fake_stdout
                0x0000000008086414       0x20 d:/st/stm32cubeide_1.7.0/stm32cubeide/plugins/com.st.stm32cube.ide.mcu.externaltools.gnu-tools-for-stm32.9-2020-q2-update.win32_2.0.0.202105311346/tools/bin/../lib/gcc/arm-none-eabi/9.3.1/../../../../arm-none-eabi/lib/thumb/v7e-m+fp/hard\libc_nano.a(lib_a-findfp.o)
                0x0000000008086414                __sf_fake_stdout
 .rodata._vfprintf_r.str1.1
                0x0000000008086434       0x11 d:/st/stm32cubeide_1.7.0/stm32cubeide/plugins/com.st.stm32cube.ide.mcu.externaltools.gnu-tools-for-stm32.9-2020-q2-update.win32_2.0.0.202105311346/tools/bin/../lib/gcc/arm-none-eabi/9.3.1/../../../../arm-none-eabi/lib/thumb/v7e-m+fp/hard\libc_nano.a(lib_a-nano-vfprintf.o)
 .rodata._printf_i.str1.1
                0x0000000008086445       0x22 d:/st/stm32cubeide_1.7.0/stm32cubeide/plugins/com.st.stm32cube.ide.mcu.externaltools.gnu-tools-for-stm32.9-2020-q2-update.win32_2.0.0.202105311346/tools/bin/../lib/gcc/arm-none-eabi/9.3.1/../../../../arm-none-eabi/lib/thumb/v7e-m+fp/hard\libc_nano.a(lib_a-nano-vfprintf_i.o)
                0x0000000008086468                . = ALIGN (0x4)
 *fill*         0x0000000008086467        0x1 

.ARM.extab      0x0000000008086468        0x0
                0x0000000008086468                . = ALIGN (0x4)
 *(.ARM.extab* .gnu.linkonce.armextab.*)
                0x0000000008086468                . = ALIGN (0x4)

.ARM            0x0000000008086468        0x8
                0x0000000008086468                . = ALIGN (0x4)
                0x0000000008086468                __exidx_start = .
 *(.ARM.exidx*)
 .ARM.exidx     0x0000000008086468        0x8 d:/st/stm32cubeide_1.7.0/stm32cubeide/plugins/com.st.stm32cube.ide.mcu.externaltools.gnu-tools-for-stm32.9-2020-q2-update.win32_2.0.0.202105311346/tools/bin/../lib/gcc/arm-none-eabi/9.3.1/thumb/v7e-m+fp/hard\libgcc.a(_udivmoddi4.o)
                0x0000000008086470                __exidx_end = .
                0x0000000008086470                . = ALIGN (0x4)

.rel.dyn        0x0000000008086470        0x0
 .rel.iplt      0x0000000008086470        0x0 d:/st/stm32cubeide_1.7.0/stm32cubeide/plugins/com.st.stm32cube.ide.mcu.externaltools.gnu-tools-for-stm32.9-2020-q2-update.win32_2.0.0.202105311346/tools/bin/../lib/gcc/arm-none-eabi/9.3.1/thumb/v7e-m+fp/hard/crtbegin.o

.preinit_array  0x0000000008086470        0x0
                0x0000000008086470                . = ALIGN (0x4)
                0x0000000008086470                PROVIDE (__preinit_array_start = .)
 *(.preinit_array*)
                0x0000000008086470                PROVIDE (__preinit_array_end = .)
                0x0000000008086470                . = ALIGN (0x4)

.init_array     0x0000000008086470        0x4
                0x0000000008086470                . = ALIGN (0x4)
                0x0000000008086470                PROVIDE (__init_array_start = .)
 *(SORT_BY_NAME(.init_array.*))
 *(.init_array*)
 .init_array    0x0000000008086470        0x4 d:/st/stm32cubeide_1.7.0/stm32cubeide/plugins/com.st.stm32cube.ide.mcu.externaltools.gnu-tools-for-stm32.9-2020-q2-update.win32_2.0.0.202105311346/tools/bin/../lib/gcc/arm-none-eabi/9.3.1/thumb/v7e-m+fp/hard/crtbegin.o
                0x0000000008086474                PROVIDE (__init_array_end = .)
                0x0000000008086474                . = ALIGN (0x4)

.fini_array     0x0000000008086474        0x4
                0x0000000008086474                . = ALIGN (0x4)
                [!provide]                        PROVIDE (__fini_array_start = .)
 *(SORT_BY_NAME(.fini_array.*))
 *(.fini_array*)
 .fini_array    0x0000000008086474        0x4 d:/st/stm32cubeide_1.7.0/stm32cubeide/plugins/com.st.stm32cube.ide.mcu.externaltools.gnu-tools-for-stm32.9-2020-q2-update.win32_2.0.0.202105311346/tools/bin/../lib/gcc/arm-none-eabi/9.3.1/thumb/v7e-m+fp/hard/crtbegin.o
                [!provide]                        PROVIDE (__fini_array_end = .)
                0x0000000008086478                . = ALIGN (0x4)
                0x0000000008086478                _sidata = LOADADDR (.data)

.data           0x0000000020000000       0x9c load address 0x0000000008086478
                0x0000000020000000                . = ALIGN (0x4)
                0x0000000020000000                _sdata = .
 *(.data)
 *(.data*)
 .data.file_name
                0x0000000020000000        0xa ./Core/Src/main.o
 *fill*         0x000000002000000a        0x2 
 .data.SystemCoreClock
                0x000000002000000c        0x4 ./Core/Src/system_stm32f4xx.o
                0x000000002000000c                SystemCoreClock
 .data.uwTickPrio
                0x0000000020000010        0x4 ./Drivers/STM32F4xx_HAL_Driver/Src/stm32f4xx_hal.o
                0x0000000020000010                uwTickPrio
 .data.uwTickFreq
                0x0000000020000014        0x1 ./Drivers/STM32F4xx_HAL_Driver/Src/stm32f4xx_hal.o
                0x0000000020000014                uwTickFreq
 *fill*         0x0000000020000015        0x3 
 .data.USBH_msc
                0x0000000020000018       0x20 ./Middlewares/ST/STM32_USB_Host_Library/Class/MSC/Src/usbh_msc.o
                0x0000000020000018                USBH_msc
 .data._impure_ptr
                0x0000000020000038        0x4 d:/st/stm32cubeide_1.7.0/stm32cubeide/plugins/com.st.stm32cube.ide.mcu.externaltools.gnu-tools-for-stm32.9-2020-q2-update.win32_2.0.0.202105311346/tools/bin/../lib/gcc/arm-none-eabi/9.3.1/../../../../arm-none-eabi/lib/thumb/v7e-m+fp/hard\libc_nano.a(lib_a-impure.o)
                0x0000000020000038                _impure_ptr
 .data.impure_data
                0x000000002000003c       0x60 d:/st/stm32cubeide_1.7.0/stm32cubeide/plugins/com.st.stm32cube.ide.mcu.externaltools.gnu-tools-for-stm32.9-2020-q2-update.win32_2.0.0.202105311346/tools/bin/../lib/gcc/arm-none-eabi/9.3.1/../../../../arm-none-eabi/lib/thumb/v7e-m+fp/hard\libc_nano.a(lib_a-impure.o)
 *(.RamFunc)
 *(.RamFunc*)
                0x000000002000009c                . = ALIGN (0x4)
                0x000000002000009c                _edata = .
                0x0000000008086514                _siccmram = LOADADDR (.ccmram)

.igot.plt       0x000000002000009c        0x0 load address 0x0000000008086514
 .igot.plt      0x000000002000009c        0x0 d:/st/stm32cubeide_1.7.0/stm32cubeide/plugins/com.st.stm32cube.ide.mcu.externaltools.gnu-tools-for-stm32.9-2020-q2-update.win32_2.0.0.202105311346/tools/bin/../lib/gcc/arm-none-eabi/9.3.1/thumb/v7e-m+fp/hard/crtbegin.o

.ccmram         0x0000000010000000        0x0 load address 0x0000000008086514
                0x0000000010000000                . = ALIGN (0x4)
                0x0000000010000000                _sccmram = .
 *(.ccmram)
 *(.ccmram*)
                0x0000000010000000                . = ALIGN (0x4)
                0x0000000010000000                _eccmram = .
                0x0000000010000000                . = ALIGN (0x4)

.bss            0x000000002000009c     0x5a74
                0x000000002000009c                _sbss = .
                0x000000002000009c                __bss_start__ = _sbss
 *(.bss)
 .bss           0x000000002000009c       0x1c d:/st/stm32cubeide_1.7.0/stm32cubeide/plugins/com.st.stm32cube.ide.mcu.externaltools.gnu-tools-for-stm32.9-2020-q2-update.win32_2.0.0.202105311346/tools/bin/../lib/gcc/arm-none-eabi/9.3.1/thumb/v7e-m+fp/hard/crtbegin.o
 *(.bss*)
 .bss.I2S_Buf0  0x00000000200000b8      0x800 ./Core/Src/audio_player.o
                0x00000000200000b8                I2S_Buf0
 .bss.I2S_Buf1  0x00000000200008b8      0x800 ./Core/Src/audio_player.o
                0x00000000200008b8                I2S_Buf1
 .bss.DataLength
                0x00000000200010b8        0x4 ./Core/Src/audio_player.o
 .bss.DataAddress
                0x00000000200010bc        0x4 ./Core/Src/audio_player.o
 .bss.UsbDiskFatFs
                0x00000000200010c0     0x1034 ./Core/Src/main.o
 .bss.file      0x00000000200020f4     0x1030 ./Core/Src/main.o
 .bss.UsbDiskPath
                0x0000000020003124        0x4 ./Core/Src/main.o
                0x0000000020003124                UsbDiskPath
 .bss.__sbrk_heap_end
                0x0000000020003128        0x4 ./Core/Src/sysmem.o
 .bss.FatFs     0x000000002000312c        0x4 ./Middlewares/Third_Party/FatFs/src/ff.o
 .bss.Fsid      0x0000000020003130        0x2 ./Middlewares/Third_Party/FatFs/src/ff.o
 *fill*         0x0000000020003132        0x2 
 .bss.Files     0x0000000020003134       0x20 ./Middlewares/Third_Party/FatFs/src/ff.o
 .bss.disk      0x0000000020003154        0xc ./Middlewares/Third_Party/FatFs/src/ff_gen_drv.o
                0x0000000020003154                disk
 .bss.Appli_state
                0x0000000020003160        0x1 ./USB_HOST/App/usb_host.o
                0x0000000020003160                Appli_state
 *fill*         0x0000000020003161        0x3 
 .bss.__malloc_free_list