audio_player.c:47:19:WM8978_Register_Wirter	40	static
audio_player.c:56:6:WAV_FileInit	4	static
audio_player.c:60:10:WAV_FileRead2	16	static
audio_player.c:79:10:WAV_FileRead	24	static
audio_player.c:96:19:HAL_I2S_Transmit_DMAEx	48	static
audio_player.c:171:13:DMAEx_XferCpltCallback	16	static
audio_player.c:183:13:DMAEx_XferM1CpltCallback	16	static
audio_player.c:191:13:DMAEx_XferErrorCallback	16	static
audio_player.c:195:6:Audio_Player_Init	8	static
audio_player.c:224:6:Audio_Set_Volume	16	static
audio_player.c:239:6:Audio_Player_Start	8	static
audio_player.c:245:6:Audio_Player_Start2	8	static
audio_player.c:252:6:Audio_Player_Pause	8	static
audio_player.c:256:6:Audio_Player_Resume	8	static
audio_player.c:260:6:Audio_Player_Stop	8	static
