audio_player.c:63:19:WM8978_Register_Wirter	40	static
audio_player.c:77:6:WAV_FileInit	4	static
audio_player.c:81:10:WAV_FileRead2	16	static
audio_player.c:100:10:WAV_FileRead3	16	static
audio_player.c:118:10:WAV_FileRead	24	static
audio_player.c:135:19:HAL_I2S_Transmit_DMAEx	48	static
audio_player.c:210:13:DMAEx_XferCpltCallback2	16	static
audio_player.c:221:13:DMAEx_XferM1CpltCallback2	16	static
audio_player.c:229:19:HAL_I2S_Transmit_DMAEx2	48	static
audio_player.c:311:13:DMAEx_XferCpltCallback	16	static
audio_player.c:322:13:DMAEx_XferM1CpltCallback	16	static
audio_player.c:330:13:DMAEx_XferErrorCallback	16	static
audio_player.c:334:6:Audio_Player_Init	16	static
audio_player.c:354:6:Audio_Player_Start	8	static
audio_player.c:363:6:Audio_Player_Start2	8	static
audio_player.c:373:6:Audio_Player_Pause	8	static
audio_player.c:377:6:Audio_Player_Resume	8	static
audio_player.c:381:6:Audio_Player_Stop	8	static
