main.c:88:5:__io_putchar	16	static
main.c:122:5:main	8	static
main.c:218:6:SystemClock_Config	88	static
main.c:261:6:PeriphCommonClock_Config	24	static
main.c:281:13:MX_I2C1_Init	8	static
main.c:315:13:MX_I2C2_Init	8	static
main.c:349:13:MX_I2S2_Init	8	static
main.c:383:13:MX_I2S3_Init	8	static
main.c:417:13:MX_UART5_Init	8	static
main.c:448:13:MX_DMA_Init	16	static
main.c:469:13:MX_GPIO_Init	40	static
main.c:485:13:MX_FSMC_Init	40	static
main.c:545:6:Error_Handler	4	static,ignoring_inline_asm
