main.c:82:5:__io_putchar	16	static
main.c:100:16:ETX_MSC_ProcessUsbDevice	8480	static
main.c:195:5:main	8	static
main.c:264:6:SystemClock_Config	88	static
main.c:307:6:PeriphCommonClock_Config	24	static
main.c:327:13:MX_I2C1_Init	8	static
main.c:361:13:MX_I2C2_Init	8	static
main.c:395:13:MX_I2S2_Init	8	static
main.c:429:13:MX_I2S3_Init	8	static
main.c:463:13:MX_UART5_Init	8	static
main.c:494:13:MX_DMA_Init	16	static
main.c:515:13:MX_GPIO_Init	32	static
main.c:536:6:Error_Handler	4	static,ignoring_inline_asm
