stm32f4xx_hal_msp.c:66:6:HAL_MspInit	16	static
stm32f4xx_hal_msp.c:88:6:HAL_I2C_MspInit	56	static
stm32f4xx_hal_msp.c:148:6:HAL_I2C_MspDeInit	16	static
stm32f4xx_hal_msp.c:199:6:HAL_I2S_MspInit	64	static
stm32f4xx_hal_msp.c:347:6:HAL_I2S_MspDeInit	16	static
stm32f4xx_hal_msp.c:410:6:HAL_UART_MspInit	48	static
stm32f4xx_hal_msp.c:454:6:HAL_UART_MspDeInit	16	static
stm32f4xx_hal_msp.c:481:13:HAL_FSMC_MspInit	32	static
stm32f4xx_hal_msp.c:576:6:HAL_SRAM_MspInit	16	static
stm32f4xx_hal_msp.c:588:13:HAL_FSMC_MspDeInit	8	static
stm32f4xx_hal_msp.c:661:6:HAL_SRAM_MspDeInit	16	static
