tcpClientRAW.c:206:6:rec_i2s_dma_rx_callback	8	static
tcpClientRAW.c:223:13:tcp_err2	16	static
tcpClientRAW.c:272:6:send_poolsize	32	static
tcpClientRAW.c:314:6:recoder_wav_init	16	static
tcpClientRAW.c:338:6:tcp_client_init	16	static
tcpClientRAW.c:380:14:tcp_client_connected	32	static
tcpClientRAW.c:429:14:tcp_client_recv	32	static
tcpClientRAW.c:528:14:tcp_client_poll	24	static
tcpClientRAW.c:558:14:tcp_client_sent	32	static
tcpClientRAW.c:581:13:tcp_client_send	24	static
tcpClientRAW.c:594:13:tcp_client_send2	16	static
tcpClientRAW.c:605:13:tcp_client_connection_close	16	static
tcpClientRAW.c:626:13:tcp_client_handle	16	static
