tcpClientRAW.c:202:6:rec_i2s_dma_rx_callback	8	static
tcpClientRAW.c:218:13:tcp_err2	16	static
tcpClientRAW.c:267:6:send_poolsize	24	static
tcpClientRAW.c:293:6:recoder_wav_init	16	static
tcpClientRAW.c:318:6:tcp_client_init	16	static
tcpClientRAW.c:362:14:tcp_client_connected	32	static
tcpClientRAW.c:411:14:tcp_client_recv	32	static
tcpClientRAW.c:511:14:tcp_client_poll	24	static
tcpClientRAW.c:541:14:tcp_client_sent	32	static
tcpClientRAW.c:564:13:tcp_client_send	24	static
tcpClientRAW.c:578:13:tcp_client_send2	16	static
tcpClientRAW.c:589:13:tcp_client_connection_close	16	static
tcpClientRAW.c:610:13:tcp_client_handle	16	static
